Component: ARM Compiler 5.06 update 5 (build 528) Tool: armlink [4d35e2]

==============================================================================

Section Cross References

    delay.o(.text) refers to delay.o(.data) for fac_us
    sys.o(.text) refers to sys.o(.emb_text) for WFI_SET
    usart.o(.text) refers to rt_memcpy_v6.o(.text) for __aeabi_memcpy
    usart.o(.text) refers to rt_memclr.o(.text) for __aeabi_memclr
    usart.o(.text) refers to timer.o(.text) for TIM4_Clear
    usart.o(.text) refers to fflt_clz.o(x$fpl$ffltu) for __aeabi_ui2f
    usart.o(.text) refers to fdiv.o(x$fpl$fdiv) for __aeabi_fdiv
    usart.o(.text) refers to ffixu.o(x$fpl$ffixu) for __aeabi_f2uiz
    usart.o(.text) refers to faddsub_clz.o(x$fpl$frsb) for __aeabi_frsub
    usart.o(.text) refers to fmul.o(x$fpl$fmul) for __aeabi_fmul
    usart.o(.text) refers to sys.o(.text) for MY_NVIC_Init
    usart.o(.text) refers to usart.o(.bss) for U1ReceiveBuf
    timer.o(.text) refers to sys.o(.text) for MY_NVIC_Init
    timer.o(.text) refers to taskmgr.o(.text) for Timer0_IsrHandler
    timer.o(.text) refers to key.o(.text) for RightKey_LongPress_Process
    timer.o(.text) refers to usart.o(.text) for USART1_FrameEND
    stmflash.o(.text) refers to delay.o(.text) for delay_us
    stmflash.o(.text) refers to stmflash.o(.bss) for STMFLASH_BUF
    can.o(.text) refers to sys.o(.text) for MY_NVIC_Init
    can.o(.text) refers to can.o(.bss) for CANTxType
    can.o(.text) refers to can.o(.constdata) for ReceiveID0
    key.o(.text) refers to showinterface.o(.text) for InterfaceChangeFlag
    key.o(.text) refers to sys.o(.text) for Ex_NVIC_Config
    key.o(.text) refers to delay.o(.text) for delay_ms
    key.o(.text) refers to key.o(.bss) for ParaKeyFunLeft
    key.o(.text) refers to showinterface.o(.data) for Interface
    key.o(.text) refers to uapp_can.o(.bss) for can_layer
    key.o(.text) refers to key.o(.data) for layer_time
    oled.o(.text) refers to delay.o(.text) for delay_ms
    oled.o(.text) refers to oled.o(.constdata) for tfont32
    oled.o(.text) refers to memcmp.o(.text) for memcmp
    oled.o(.text) refers to rt_memcpy_v6.o(.text) for __aeabi_memcpy
    oled.o(.text) refers to h1_alloc.o(.text) for malloc
    oled.o(.text) refers to h1_free.o(.text) for free
    oled.o(.text) refers to fmul.o(x$fpl$fmul) for __aeabi_fmul
    oled.o(.text) refers to ffixu.o(x$fpl$ffixu) for __aeabi_f2uiz
    showinterface.o(.text) refers to oled.o(.text) for LCD_ShowString
    showinterface.o(.text) refers to atoi.o(.text) for atoi
    showinterface.o(.text) refers to uapp_can.o(.bss) for His_AS4Data
    showinterface.o(.text) refers to memcmp.o(.text) for memcmp
    showinterface.o(.text) refers to rt_memcpy_v6.o(.text) for __aeabi_memcpy
    showinterface.o(.text) refers to uapp_senser.o(.text) for weld_angle
    showinterface.o(.text) refers to uapp_senser.o(.bss) for HisSenserVal
    showinterface.o(.text) refers to pic.o(.constdata) for gImage_black
    showinterface.o(.text) refers to showinterface.o(.data) for Interface
    led.o(.text) refers to rt_memclr_w.o(.text) for __aeabi_memclr4
    led.o(.text) refers to taskmgr.o(.text) for GetSysTick
    led.o(.text) refers to led.o(.bss) for BlinkPara
    taskmgr.o(.text) refers to timer.o(.text) for TIM2_Int_Init
    taskmgr.o(.text) refers to uapp_comm.o(.text) for _Comm_TASK10ms
    taskmgr.o(.text) refers to uapp_can.o(.text) for _CAN_TASK10ms
    taskmgr.o(.text) refers to led.o(.text) for _LED_TASK10MS
    taskmgr.o(.text) refers to taskmgr.o(.data) for SysTimer
    taskmgr.o(.text) refers to taskmgr.o(.bss) for Usertimer
    main.o(.text) refers to sys.o(.text) for Stm32_Clock_Init
    main.o(.text) refers to delay.o(.text) for delay_init
    main.o(.text) refers to usart.o(.text) for uart_init
    main.o(.text) refers to timer.o(.text) for TIM2_Int_Init
    main.o(.text) refers to can.o(.text) for CAN_Mode_Init
    main.o(.text) refers to key.o(.text) for EXTIX_Init
    main.o(.text) refers to taskmgr.o(.text) for SysTask_Create
    main.o(.text) refers to uapp_can.o(.text) for _SEND_GetReady
    main.o(.text) refers to led.o(.text) for LED_Init
    main.o(.text) refers to oled.o(.text) for OLED_Init
    main.o(.text) refers to pic.o(.constdata) for gImage_black
    main.o(.text) refers to showinterface.o(.data) for Interface
    uapp_can.o(.text) refers to uapp_comm.o(.text) for _Read_OnlineSta
    uapp_can.o(.text) refers to taskmgr.o(.text) for GetSysTick
    uapp_can.o(.text) refers to can.o(.text) for Can_TxMsg
    uapp_can.o(.text) refers to rt_memcpy_v6.o(.text) for __aeabi_memcpy
    uapp_can.o(.text) refers to stmflash.o(.text) for STMFLASH_Read
    uapp_can.o(.text) refers to rt_memclr_w.o(.text) for __aeabi_memclr4
    uapp_can.o(.text) refers to uapp_can.o(.data) for CanStatus
    uapp_can.o(.text) refers to can.o(.constdata) for TransmitID0
    uapp_can.o(.text) refers to uapp_comm.o(.bss) for MEM_Databuf
    uapp_can.o(.text) refers to uapp_can.o(.bss) for CAN_BinTrans
[...]
    ../fplib/fretinf.s                       0x00000000   Number         0  fretinf.o ABSOLUTE
    ../fplib/usenofp.s                       0x00000000   Number         0  usenofp.o ABSOLUTE
    HARDWARE\CAN\can.c                       0x00000000   Number         0  can.o ABSOLUTE
    HARDWARE\FLASH\stmflash.c                0x00000000   Number         0  stmflash.o ABSOLUTE
    HARDWARE\KEY\key.c                       0x00000000   Number         0  key.o ABSOLUTE
    HARDWARE\LED\led.c                       0x00000000   Number         0  led.o ABSOLUTE
    HARDWARE\OLED\ShowInterface.c            0x00000000   Number         0  showinterface.o ABSOLUTE
    HARDWARE\OLED\oled.c                     0x00000000   Number         0  oled.o ABSOLUTE
    HARDWARE\OLED\pic.c                      0x00000000   Number         0  pic.o ABSOLUTE
    HARDWARE\TIMER\timer.c                   0x00000000   Number         0  timer.o ABSOLUTE
    RTE\Device\STM32F103C8\startup_stm32f10x_md.s 0x00000000   Number         0  startup_stm32f10x_md.o ABSOLUTE
    RTE\Device\STM32F103C8\system_stm32f10x.c 0x00000000   Number         0  system_stm32f10x.o ABSOLUTE
    RTE\\Device\\STM32F103C8\\system_stm32f10x.c 0x00000000   Number         0  system_stm32f10x.o ABSOLUTE
    SYSTEM\\sys\\sys.c                       0x00000000   Number         0  sys.o ABSOLUTE
    SYSTEM\delay\delay.c                     0x00000000   Number         0  delay.o ABSOLUTE
    SYSTEM\sys\sys.c                         0x00000000   Number         0  sys.o ABSOLUTE
    SYSTEM\usart\usart.c                     0x00000000   Number         0  usart.o ABSOLUTE
    USER\APP\UAPP_CAN.c                      0x00000000   Number         0  uapp_can.o ABSOLUTE
    USER\APP\UAPP_Comm.c                     0x00000000   Number         0  uapp_comm.o ABSOLUTE
    USER\APP\UAPP_Senser.c                   0x00000000   Number         0  uapp_senser.o ABSOLUTE
    USER\TaskMgr\TaskMgr.c                   0x00000000   Number         0  taskmgr.o ABSOLUTE
    USER\main.c                              0x00000000   Number         0  main.o ABSOLUTE
    dc.s                                     0x00000000   Number         0  dc.o ABSOLUTE
    RESET                                    0x08000000   Section      236  startup_stm32f10x_md.o(RESET)
    !!!main                                  0x080000ec   Section        8  __main.o(!!!main)
    !!!scatter                               0x080000f4   Section       52  __scatter.o(!!!scatter)
    !!handler_copy                           0x08000128   Section       26  __scatter_copy.o(!!handler_copy)
    !!handler_zi                             0x08000144   Section       28  __scatter_zi.o(!!handler_zi)
    .ARM.Collect$$_printf_percent$$00000000  0x08000160   Section        0  _printf_percent.o(.ARM.Collect$$_printf_percent$$00000000)
    .ARM.Collect$$_printf_percent$$00000009  0x08000160   Section        6  _printf_d.o(.ARM.Collect$$_printf_percent$$00000009)
    .ARM.Collect$$_printf_percent$$00000017  0x08000166   Section        4  _printf_percent_end.o(.ARM.Collect$$_printf_percent$$00000017)
    .ARM.Collect$$libinit$$00000000          0x0800016a   Section        2  libinit.o(.ARM.Collect$$libinit$$00000000)
    .ARM.Collect$$libinit$$00000002          0x0800016c   Section        0  libinit2.o(.ARM.Collect$$libinit$$00000002)
    .ARM.Collect$$libinit$$00000004          0x0800016c   Section        0  libinit2.o(.ARM.Collect$$libinit$$00000004)
    .ARM.Collect$$libinit$$00000005          0x0800016c   Section        8  libinit2.o(.ARM.Collect$$libinit$$00000005)
    .ARM.Collect$$libinit$$0000000A          0x08000174   Section        0  libinit2.o(.ARM.Collect$$libinit$$0000000A)
    .ARM.Collect$$libinit$$0000000C          0x08000174   Section        0  libinit2.o(.ARM.Collect$$libinit$$0000000C)
    .ARM.Collect$$libinit$$0000000E          0x08000174   Section        0  libinit2.o(.ARM.Collect$$libinit$$0000000E)
    .ARM.Collect$$libinit$$0000000F          0x08000174   Section        6  libinit2.o(.ARM.Collect$$libinit$$0000000F)
    .ARM.Collect$$libinit$$00000011          0x0800017a   Section        0  libinit2.o(.ARM.Collect$$libinit$$00000011)
    .ARM.Collect$$libinit$$00000012          0x0800017a   Section       12  libinit2.o(.ARM.Collect$$libinit$$00000012)
    .ARM.Collect$$libinit$$00000013          0x08000186   Section        0  libinit2.o(.ARM.Collect$$libinit$$00000013)
    .ARM.Collect$$libinit$$00000015          0x08000186   Section        0  libinit2.o(.ARM.Collect$$libinit$$00000015)
    .ARM.Collect$$libinit$$00000017          0x08000186   Section        0  libinit2.o(.ARM.Collect$$libinit$$00000017)
    .ARM.Collect$$libinit$$00000019          0x08000186   Section        0  libinit2.o(.ARM.Collect$$libinit$$00000019)
    .ARM.Collect$$libinit$$0000001B          0x08000186   Section        0  libinit2.o(.ARM.Collect$$libinit$$0000001B)
    .ARM.Collect$$libinit$$0000001D          0x08000186   Section        0  libinit2.o(.ARM.Collect$$libinit$$0000001D)
    .ARM.Collect$$libinit$$0000001F          0x08000186   Section        0  libinit2.o(.ARM.Collect$$libinit$$0000001F)
    .ARM.Collect$$libinit$$00000021          0x08000186   Section        0  libinit2.o(.ARM.Collect$$libinit$$00000021)
    .ARM.Collect$$libinit$$00000023          0x08000186   Section        0  libinit2.o(.ARM.Collect$$libinit$$00000023)
    .ARM.Collect$$libinit$$00000025          0x08000186   Section        0  libinit2.o(.ARM.Collect$$libinit$$00000025)
    .ARM.Collect$$libinit$$0000002C          0x08000186   Section        0  libinit2.o(.ARM.Collect$$libinit$$0000002C)
    .ARM.Collect$$libinit$$0000002E          0x08000186   Section        0  libinit2.o(.ARM.Collect$$libinit$$0000002E)
    .ARM.Collect$$libinit$$00000030          0x08000186   Section        0  libinit2.o(.ARM.Collect$$libinit$$00000030)
    .ARM.Collect$$libinit$$00000032          0x08000186   Section        0  libinit2.o(.ARM.Collect$$libinit$$00000032)
    .ARM.Collect$$libinit$$00000033          0x08000186   Section        2  libinit2.o(.ARM.Collect$$libinit$$00000033)
    .ARM.Collect$$libshutdown$$00000000      0x08000188   Section        2  libshutdown.o(.ARM.Collect$$libshutdown$$00000000)
    .ARM.Collect$$libshutdown$$00000002      0x0800018a   Section        0  libshutdown2.o(.ARM.Collect$$libshutdown$$00000002)
    .ARM.Collect$$libshutdown$$00000004      0x0800018a   Section        0  libshutdown2.o(.ARM.Collect$$libshutdown$$00000004)
    .ARM.Collect$$libshutdown$$00000007      0x0800018a   Section        0  libshutdown2.o(.ARM.Collect$$libshutdown$$00000007)
    .ARM.Collect$$libshutdown$$0000000A      0x0800018a   Section        0  libshutdown2.o(.ARM.Collect$$libshutdown$$0000000A)
    .ARM.Collect$$libshutdown$$0000000C      0x0800018a   Section        0  libshutdown2.o(.ARM.Collect$$libshutdown$$0000000C)
    .ARM.Collect$$libshutdown$$0000000F      0x0800018a   Section        0  libshutdown2.o(.ARM.Collect$$libshutdown$$0000000F)
    .ARM.Collect$$libshutdown$$00000010      0x0800018a   Section        2  libshutdown2.o(.ARM.Collect$$libshutdown$$00000010)
    .ARM.Collect$$rtentry$$00000000          0x0800018c   Section        0  __rtentry.o(.ARM.Collect$$rtentry$$00000000)
    .ARM.Collect$$rtentry$$00000002          0x0800018c   Section        0  __rtentry2.o(.ARM.Collect$$rtentry$$00000002)
    .ARM.Collect$$rtentry$$00000004          0x0800018c   Section        6  __rtentry4.o(.ARM.Collect$$rtentry$$00000004)
    .ARM.Collect$$rtentry$$00000009          0x08000192   Section        0  __rtentry2.o(.ARM.Collect$$rtentry$$00000009)
    .ARM.Collect$$rtentry$$0000000A          0x08000192   Section        4  __rtentry2.o(.ARM.Collect$$rtentry$$0000000A)
    .ARM.Collect$$rtentry$$0000000C          0x08000196   Section        0  __rtentry2.o(.ARM.Collect$$rtentry$$0000000C)
    .ARM.Collect$$rtentry$$0000000D          0x08000196   Section        8  __rtentry2.o(.ARM.Collect$$rtentry$$0000000D)
    .ARM.Collect$$rtexit$$00000000           0x0800019e   Section        2  rtexit.o(.ARM.Collect$$rtexit$$00000000)
    .ARM.Collect$$rtexit$$00000002           0x080001a0   Section        0  rtexit2.o(.ARM.Collect$$rtexit$$00000002)
    .ARM.Collect$$rtexit$$00000003           0x080001a0   Section        4  rtexit2.o(.ARM.Collect$$rtexit$$00000003)
    .ARM.Collect$$rtexit$$00000004           0x080001a4   Section        6  rtexit2.o(.ARM.Collect$$rtexit$$00000004)
    .emb_text                                0x080001ac   Section        2  sys.o(.emb_text)
    .emb_text                                0x080001b0   Section        0  maybetermalloc1.o(.emb_text)
    .text                                    0x080001b0   Section        0  delay.o(.text)
    .text                                    0x08000260   Section        0  sys.o(.text)
    .text                                    0x0800053c   Section        0  usart.o(.text)
    .text                                    0x08000730   Section        0  timer.o(.text)
    .text                                    0x0800089c   Section        0  stmflash.o(.text)
    .text                                    0x08000bc8   Section        0  can.o(.text)
    InitArrayBuf                             0x08000bc9   Thumb Code    38  can.o(.text)
    ArrayGetBufCtr                           0x08000e67   Thumb Code    10  can.o(.text)
    ArrayPutFrame                            0x08000e71   Thumb Code    76  can.o(.text)
    ArrayGetFrame                            0x08000ebd   Thumb Code    82  can.o(.text)
    .text                                    0x0800116c   Section        0  key.o(.text)
    .text                                    0x080014d4   Section        0  oled.o(.text)
    .text                                    0x080025bc   Section        0  showinterface.o(.text)
    .text                                    0x08003774   Section        0  led.o(.text)
    .text                                    0x0800391c   Section        0  taskmgr.o(.text)
    SysTimer_Operation                       0x0800392b   Thumb Code   168  taskmgr.o(.text)
    Timer1_Task5                             0x080039d3   Thumb Code    16  taskmgr.o(.text)
    timer_link                               0x080039e3   Thumb Code    80  taskmgr.o(.text)
    timer_unlink                             0x08003a33   Thumb Code    66  taskmgr.o(.text)
    Timer1_Task4                             0x08003aef   Thumb Code    16  taskmgr.o(.text)
    Timer1_Task3                             0x08003aff   Thumb Code     8  taskmgr.o(.text)
    Timer1_Task2                             0x08003b07   Thumb Code     2  taskmgr.o(.text)
    Timer1_Task1                             0x08003b09   Thumb Code     8  taskmgr.o(.text)
    Timer1_Task0                             0x08003b11   Thumb Code    12  taskmgr.o(.text)
    Timer0_Task1                             0x08003b1d   Thumb Code     2  taskmgr.o(.text)
    Timer0_Task0                             0x08003b1f   Thumb Code     8  taskmgr.o(.text)
    timer_cleanup                            0x08003ca1   Thumb Code    18  taskmgr.o(.text)
    Timer0_Task2                             0x08003cdf   Thumb Code     2  taskmgr.o(.text)
    Timer0_Task3                             0x08003ce1   Thumb Code     2  taskmgr.o(.text)
    Timer0_Task4                             0x08003ce3   Thumb Code     2  taskmgr.o(.text)
    .text                                    0x08003d34   Section        0  main.o(.text)
    .text                                    0x08003dd0   Section        0  uapp_can.o(.text)
    _SEND_HartBeat                           0x08003dd7   Thumb Code    70  uapp_can.o(.text)
    _CommWatchDog_TASK                       0x08003fff   Thumb Code    50  uapp_can.o(.text)
    _CommWatchDog_Feed                       0x08004031   Thumb Code    12  uapp_can.o(.text)
    _SEND_ACK                                0x0800403d   Thumb Code    76  uapp_can.o(.text)
    _SEND_LCD_ACK                            0x08004089   Thumb Code    86  uapp_can.o(.text)
    .text                                    0x080048dc   Section        0  uapp_comm.o(.text)
    _CommWatchDog_Feed                       0x080049bd   Thumb Code     8  uapp_comm.o(.text)
    .text                                    0x080049ec   Section        0  uapp_senser.o(.text)
    .text                                    0x08004bac   Section       64  startup_stm32f10x_md.o(.text)
    .text                                    0x08004bec   Section        0  system_stm32f10x.o(.text)
    SetSysClockTo72                          0x08004bed   Thumb Code   214  system_stm32f10x.o(.text)
    SetSysClock                              0x08004cc3   Thumb Code     8  system_stm32f10x.o(.text)
    .text                                    0x08004dcc   Section        0  h1_alloc.o(.text)
    .text                                    0x08004e2a   Section        0  h1_free.o(.text)
    .text                                    0x08004e78   Section        0  noretval__2sprintf.o(.text)
    .text                                    0x08004ea0   Section        0  __printf.o(.text)
    .text                                    0x08004f08   Section        0  _printf_dec.o(.text)
    .text                                    0x08004f80   Section        0  atoi.o(.text)
    .text                                    0x08004f9a   Section        0  memcmp.o(.text)
    .text                                    0x08004ff2   Section      138  rt_memcpy_v6.o(.text)
    .text                                    0x0800507c   Section       68  rt_memclr.o(.text)
    .text                                    0x080050c0   Section       78  rt_memclr_w.o(.text)
    .text                                    0x0800510e   Section        0  heapauxi.o(.text)
    .text                                    0x08005114   Section        8  rt_heap_descriptor_intlibspace.o(.text)
    .text                                    0x0800511c   Section        8  rt_errno_addr_intlibspace.o(.text)
    .text                                    0x08005124   Section        0  hguard.o(.text)
    .text                                    0x08005128   Section        0  init_alloc.o(.text)
    .text                                    0x080051b2   Section        0  h1_init.o(.text)
    .text                                    0x080051c0   Section        0  _printf_intcommon.o(.text)
    .text                                    0x08005274   Section        0  _printf_char_common.o(.text)
    _printf_input_char                       0x08005275   Thumb Code    10  _printf_char_common.o(.text)
    .text                                    0x080052a4   Section        0  _sputc.o(.text)
    .text                                    0x080052ae   Section        0  strtol.o(.text)
    .text                                    0x0800531e   Section      100  rt_memcpy_w.o(.text)
    .text                                    0x08005384   Section        8  libspace.o(.text)
    .text                                    0x0800538c   Section       16  rt_ctype_table.o(.text)
    .text                                    0x0800539c   Section        0  h1_extend.o(.text)
    .text                                    0x080053d0   Section        0  _strtoul.o(.text)
    .text                                    0x0800546e   Section        0  defsig_rtmem_outer.o(.text)
    .text                                    0x0800547c   Section        2  use_no_semi.o(.text)
    .text                                    0x0800547e   Section       74  sys_stackheap_outer.o(.text)
    .text                                    0x0800547e   Section        0  indicate_semi.o(.text)
    .text                                    0x080054c8   Section        8  rt_locale_intlibspace.o(.text)
    .text                                    0x080054d0   Section        0  _chval.o(.text)
    .text                                    0x080054ec   Section        0  exit.o(.text)
    .text                                    0x080054fe   Section        0  defsig_exit.o(.text)
    .text                                    0x08005508   Section        0  defsig_rtmem_inner.o(.text)
    .text                                    0x08005558   Section        0  sys_exit.o(.text)
    .text                                    0x08005564   Section        0  defsig_general.o(.text)
    .text                                    0x08005598   Section      128  strcmpv7m.o(.text)
    .text                                    0x08005618   Section        0  sys_wrch.o(.text)
    locale$$code                             0x08005628   Section       44  lc_ctype_c.o(locale$$code)
    x$fpl$fadd                               0x08005654   Section      196  faddsub_clz.o(x$fpl$fadd)
    _fadd1                                   0x08005663   Thumb Code     0  faddsub_clz.o(x$fpl$fadd)
    x$fpl$fdiv                               0x08005718   Section      388  fdiv.o(x$fpl$fdiv)
    _fdiv1                                   0x08005719   Thumb Code     0  fdiv.o(x$fpl$fdiv)
    x$fpl$ffixu                              0x0800589c   Section       62  ffixu.o(x$fpl$ffixu)
    x$fpl$ffltu                              0x080058dc   Section       38  fflt_clz.o(x$fpl$ffltu)
    x$fpl$fmul                               0x08005904   Section      258  fmul.o(x$fpl$fmul)
    x$fpl$fnaninf                            0x08005a06   Section      140  fnaninf.o(x$fpl$fnaninf)
    x$fpl$fretinf                            0x08005a92   Section       10  fretinf.o(x$fpl$fretinf)
    x$fpl$frsb                               0x08005a9c   Section       20  faddsub_clz.o(x$fpl$frsb)
    x$fpl$fsub                               0x08005ab0   Section      234  faddsub_clz.o(x$fpl$fsub)
    _fsub1                                   0x08005abf   Thumb Code     0  faddsub_clz.o(x$fpl$fsub)
    .constdata                               0x08005b9a   Section       14  can.o(.constdata)
    x$fpl$usenofp                            0x08005b9a   Section        0  usenofp.o(x$fpl$usenofp)
    .constdata                               0x08005ba8   Section    16250  oled.o(.constdata)
    .constdata                               0x08009b22   Section    22080  pic.o(.constdata)
    locale$$data                             0x0800f184   Section      272  lc_ctype_c.o(locale$$data)
    __lcctype_c_name                         0x0800f188   Data           2  lc_ctype_c.o(locale$$data)
    __lcctype_c_start                        0x0800f190   Data           0  lc_ctype_c.o(locale$$data)
    __lcctype_c_end                          0x0800f294   Data           0  lc_ctype_c.o(locale$$data)
    .data                                    0x20000000   Section        4  delay.o(.data)
    fac_us                                   0x20000000   Data           1  delay.o(.data)
    fac_ms                                   0x20000002   Data           2  delay.o(.data)
    .data                                    0x20000004   Section        8  key.o(.data)
    layer_time                               0x20000004   Data           4  key.o(.data)
    layer_time                               0x20000008   Data           4  key.o(.data)
    .data                                    0x2000000c   Section        8  showinterface.o(.data)
    .data                                    0x20000014   Section       20  taskmgr.o(.data)
    .data                                    0x20000028   Section       24  uapp_can.o(.data)
    .data                                    0x20000040   Section       20  system_stm32f10x.o(.data)
    .bss                                     0x20000054   Section      604  usart.o(.bss)
    .bss                                     0x200002b0   Section     1024  stmflash.o(.bss)
    .bss                                     0x200006b0   Section     2448  can.o(.bss)
    .bss                                     0x20001040   Section       96  key.o(.bss)
    .bss                                     0x200010a0   Section       60  led.o(.bss)
    .bss                                     0x200010dc   Section      316  taskmgr.o(.bss)
    Usertimer                                0x200010dc   Data          96  taskmgr.o(.bss)
    .bss                                     0x20001218   Section     6500  uapp_can.o(.bss)
    .bss                                     0x20002b7c   Section      280  uapp_comm.o(.bss)
    .bss                                     0x20002c94   Section       96  uapp_senser.o(.bss)
    .bss                                     0x20002cf4   Section       96  libspace.o(.bss)
    HEAP                                     0x20002d58   Section      512  startup_stm32f10x_md.o(HEAP)
    Heap_Mem                                 0x20002d58   Data         512  startup_stm32f10x_md.o(HEAP)
    STACK                                    0x20002f58   Section     2048  startup_stm32f10x_md.o(STACK)
    Stack_Mem                                0x20002f58   Data        2048  startup_stm32f10x_md.o(STACK)
    __initial_sp                             0x20003758   Data           0  startup_stm32f10x_md.o(STACK)

    Global Symbols

    Symbol Name                              Value     Ov Type        Size  Object(Section)

    BuildAttributes$$THM_ISAv4$P$D$K$B$S$PE$A:L22UL41UL21$X:L11$S22US41US21$IEEE1$IW$USESV6$~STKCKD$USESV7$~SHL$OTIME$ROPI$EBA8$UX$STANDARDLIB$REQ8$PRES8$EABIv2 0x00000000   Number         0  anon$$obj.o ABSOLUTE
    __ARM_use_no_argv                        0x00000000   Number         0  main.o ABSOLUTE
    __ARM_exceptions_init                     - Undefined Weak Reference
    __alloca_initialize                       - Undefined Weak Reference
    __arm_preinit_                            - Undefined Weak Reference
    __cpp_initialize__aeabi_                  - Undefined Weak Reference
    __cxa_finalize                            - Undefined Weak Reference
    __sigvec_lookup                           - Undefined Weak Reference
    __user_heap_extent                        - Undefined Weak Reference
    _atexit_init                              - Undefined Weak Reference
    _call_atexit_fns                          - Undefined Weak Reference
    _clock_init                               - Undefined Weak Reference
    _fp_trap_init                             - Undefined Weak Reference
    _fp_trap_shutdown                         - Undefined Weak Reference
    _get_lc_collate                           - Undefined Weak Reference
    _get_lc_monetary                          - Undefined Weak Reference
    _get_lc_numeric                           - Undefined Weak Reference
    _get_lc_time                              - Undefined Weak Reference
    _getenv_init                              - Undefined Weak Reference
    _handle_redirection                       - Undefined Weak Reference
    _initio                                   - Undefined Weak Reference
    _mutex_acquire                            - Undefined Weak Reference
    _mutex_free                               - Undefined Weak Reference
    _mutex_release                            - Undefined Weak Reference
    _printf_post_padding                      - Undefined Weak Reference
    _printf_pre_padding                       - Undefined Weak Reference
    _printf_truncate_signed                   - Undefined Weak Reference
    _printf_truncate_unsigned                 - Undefined Weak Reference
    _rand_init                                - Undefined Weak Reference
    _signal_finish                            - Undefined Weak Reference
    _signal_init                              - Undefined Weak Reference
    _terminateio                              - Undefined Weak Reference
    __Vectors_Size                           0x000000ec   Number         0  startup_stm32f10x_md.o ABSOLUTE
    __Vectors                                0x08000000   Data           4  startup_stm32f10x_md.o(RESET)
    __Vectors_End                            0x080000ec   Data           0  startup_stm32f10x_md.o(RESET)
    __main                                   0x080000ed   Thumb Code     8  __main.o(!!!main)
    __scatterload                            0x080000f5   Thumb Code     0  __scatter.o(!!!scatter)
    __scatterload_rt2                        0x080000f5   Thumb Code    44  __scatter.o(!!!scatter)
    __scatterload_rt2_thumb_only             0x080000f5   Thumb Code     0  __scatter.o(!!!scatter)
    __scatterload_null                       0x08000103   Thumb Code     0  __scatter.o(!!!scatter)
    __scatterload_copy                       0x08000129   Thumb Code    26  __scatter_copy.o(!!handler_copy)
    __scatterload_zeroinit                   0x08000145   Thumb Code    28  __scatter_zi.o(!!handler_zi)
    _printf_d                                0x08000161   Thumb Code     0  _printf_d.o(.ARM.Collect$$_printf_percent$$00000009)
    _printf_percent                          0x08000161   Thumb Code     0  _printf_percent.o(.ARM.Collect$$_printf_percent$$00000000)
    _printf_percent_end                      0x08000167   Thumb Code     0  _printf_percent_end.o(.ARM.Collect$$_printf_percent$$00000017)
    __rt_lib_init                            0x0800016b   Thumb Code     0  libinit.o(.ARM.Collect$$libinit$$00000000)
    __rt_lib_init_fp_1                       0x0800016d   Thumb Code     0  libinit2.o(.ARM.Collect$$libinit$$00000002)
    __rt_lib_init_heap_2                     0x0800016d   Thumb Code     0  libinit2.o(.ARM.Collect$$libinit$$00000005)
    __rt_lib_init_preinit_1                  0x0800016d   Thumb Code     0  libinit2.o(.ARM.Collect$$libinit$$00000004)
    __rt_lib_init_heap_1                     0x08000175   Thumb Code     0  libinit2.o(.ARM.Collect$$libinit$$0000000A)
    __rt_lib_init_lc_common                  0x08000175   Thumb Code     0  libinit2.o(.ARM.Collect$$libinit$$0000000F)
    __rt_lib_init_rand_1                     0x08000175   Thumb Code     0  libinit2.o(.ARM.Collect$$libinit$$0000000E)
    __rt_lib_init_user_alloc_1               0x08000175   Thumb Code     0  libinit2.o(.ARM.Collect$$libinit$$0000000C)
    __rt_lib_init_lc_collate_1               0x0800017b   Thumb Code     0  libinit2.o(.ARM.Collect$$libinit$$00000011)
    __rt_lib_init_lc_ctype_2                 0x0800017b   Thumb Code     0  libinit2.o(.ARM.Collect$$libinit$$00000012)
    __rt_lib_init_alloca_1                   0x08000187   Thumb Code     0  libinit2.o(.ARM.Collect$$libinit$$0000002E)
    __rt_lib_init_argv_1                     0x08000187   Thumb Code     0  libinit2.o(.ARM.Collect$$libinit$$0000002C)
    __rt_lib_init_atexit_1                   0x08000187   Thumb Code     0  libinit2.o(.ARM.Collect$$libinit$$0000001B)
    __rt_lib_init_clock_1                    0x08000187   Thumb Code     0  libinit2.o(.ARM.Collect$$libinit$$00000021)
    __rt_lib_init_cpp_1                      0x08000187   Thumb Code     0  libinit2.o(.ARM.Collect$$libinit$$00000032)
    __rt_lib_init_exceptions_1               0x08000187   Thumb Code     0  libinit2.o(.ARM.Collect$$libinit$$00000030)
    __rt_lib_init_fp_trap_1                  0x08000187   Thumb Code     0  libinit2.o(.ARM.Collect$$libinit$$0000001F)
    __rt_lib_init_getenv_1                   0x08000187   Thumb Code     0  libinit2.o(.ARM.Collect$$libinit$$00000023)
    __rt_lib_init_lc_ctype_1                 0x08000187   Thumb Code     0  libinit2.o(.ARM.Collect$$libinit$$00000013)
    __rt_lib_init_lc_monetary_1              0x08000187   Thumb Code     0  libinit2.o(.ARM.Collect$$libinit$$00000015)
    __rt_lib_init_lc_numeric_1               0x08000187   Thumb Code     0  libinit2.o(.ARM.Collect$$libinit$$00000017)
    __rt_lib_init_lc_time_1                  0x08000187   Thumb Code     0  libinit2.o(.ARM.Collect$$libinit$$00000019)
    __rt_lib_init_return                     0x08000187   Thumb Code     0  libinit2.o(.ARM.Collect$$libinit$$00000033)
    __rt_lib_init_signal_1                   0x08000187   Thumb Code     0  libinit2.o(.ARM.Collect$$libinit$$0000001D)
    __rt_lib_init_stdio_1                    0x08000187   Thumb Code     0  libinit2.o(.ARM.Collect$$libinit$$00000025)
    __rt_lib_shutdown                        0x08000189   Thumb Code     0  libshutdown.o(.ARM.Collect$$libshutdown$$00000000)
    __rt_lib_shutdown_cpp_1                  0x0800018b   Thumb Code     0  libshutdown2.o(.ARM.Collect$$libshutdown$$00000002)
    __rt_lib_shutdown_fp_trap_1              0x0800018b   Thumb Code     0  libshutdown2.o(.ARM.Collect$$libshutdown$$00000007)
    __rt_lib_shutdown_heap_1                 0x0800018b   Thumb Code     0  libshutdown2.o(.ARM.Collect$$libshutdown$$0000000F)
    __rt_lib_shutdown_return                 0x0800018b   Thumb Code     0  libshutdown2.o(.ARM.Collect$$libshutdown$$00000010)
    __rt_lib_shutdown_signal_1               0x0800018b   Thumb Code     0  libshutdown2.o(.ARM.Collect$$libshutdown$$0000000A)
    __rt_lib_shutdown_stdio_1                0x0800018b   Thumb Code     0  libshutdown2.o(.ARM.Collect$$libshutdown$$00000004)
    __rt_lib_shutdown_user_alloc_1           0x0800018b   Thumb Code     0  libshutdown2.o(.ARM.Collect$$libshutdown$$0000000C)
    __rt_entry                               0x0800018d   Thumb Code     0  __rtentry.o(.ARM.Collect$$rtentry$$00000000)
    __rt_entry_presh_1                       0x0800018d   Thumb Code     0  __rtentry2.o(.ARM.Collect$$rtentry$$00000002)
    __rt_entry_sh                            0x0800018d   Thumb Code     0  __rtentry4.o(.ARM.Collect$$rtentry$$00000004)
    __rt_entry_li                            0x08000193   Thumb Code     0  __rtentry2.o(.ARM.Collect$$rtentry$$0000000A)
    __rt_entry_postsh_1                      0x08000193   Thumb Code     0  __rtentry2.o(.ARM.Collect$$rtentry$$00000009)
    __rt_entry_main                          0x08000197   Thumb Code     0  __rtentry2.o(.ARM.Collect$$rtentry$$0000000D)
    __rt_entry_postli_1                      0x08000197   Thumb Code     0  __rtentry2.o(.ARM.Collect$$rtentry$$0000000C)
    __rt_exit                                0x0800019f   Thumb Code     0  rtexit.o(.ARM.Collect$$rtexit$$00000000)
    __rt_exit_ls                             0x080001a1   Thumb Code     0  rtexit2.o(.ARM.Collect$$rtexit$$00000003)
    __rt_exit_prels_1                        0x080001a1   Thumb Code     0  rtexit2.o(.ARM.Collect$$rtexit$$00000002)
    __rt_exit_exit                           0x080001a5   Thumb Code     0  rtexit2.o(.ARM.Collect$$rtexit$$00000004)
    WFI_SET                                  0x080001ad   Thumb Code     2  sys.o(.emb_text)
    _maybe_terminate_alloc                   0x080001b1   Thumb Code     0  maybetermalloc1.o(.emb_text)
    delay_init                               0x080001b1   Thumb Code    56  delay.o(.text)
    delay_ms                                 0x080001e9   Thumb Code    56  delay.o(.text)
    delay_us                                 0x08000221   Thumb Code    56  delay.o(.text)
    MY_NVIC_SetVectorTable                   0x08000261   Thumb Code    12  sys.o(.text)
    MY_NVIC_PriorityGroupConfig              0x0800026d   Thumb Code    36  sys.o(.text)
    MY_NVIC_Init                             0x08000291   Thumb Code   144  sys.o(.text)
    Ex_NVIC_Config                           0x08000321   Thumb Code   146  sys.o(.text)
    MYRCC_DeInit                             0x080003b3   Thumb Code    90  sys.o(.text)
    Sys_Standby                              0x0800040d   Thumb Code    68  sys.o(.text)
    Sys_Soft_Reset                           0x08000451   Thumb Code    12  sys.o(.text)
    JTAG_Set                                 0x0800045d   Thumb Code    42  sys.o(.text)
    Stm32_Clock_Init                         0x08000487   Thumb Code   134  sys.o(.text)
    USART1_FrameEND                          0x0800053d   Thumb Code    26  usart.o(.text)
    USART1_IRQHandler                        0x08000557   Thumb Code    82  usart.o(.text)
    USART1_Timeout                           0x080005a9   Thumb Code    46  usart.o(.text)
    uart_init                                0x080005d7   Thumb Code   222  usart.o(.text)
    USART1_ReadFrame                         0x080006b5   Thumb Code    42  usart.o(.text)
    USART1_WriteFrame                        0x080006df   Thumb Code    58  usart.o(.text)
    TIM2_Int_Init                            0x08000731   Thumb Code    58  timer.o(.text)
    TIM2_IRQHandler                          0x0800076b   Thumb Code    48  timer.o(.text)
    TIM4_Clear                               0x0800079b   Thumb Code     6  timer.o(.text)
    TIM4_Enable                              0x080007a1   Thumb Code    44  timer.o(.text)
    TIM4_IRQHandler                          0x080007cd   Thumb Code    42  timer.o(.text)
    TIM4_Init                                0x080007f7   Thumb Code    70  timer.o(.text)
    TIM3_Int_Init                            0x0800083d   Thumb Code    84  timer.o(.text)
    STMFLASH_Unlock                          0x0800089d   Thumb Code    12  stmflash.o(.text)
    STMFLASH_Lock                            0x080008a9   Thumb Code    14  stmflash.o(.text)
    STMFLASH_GetStatus                       0x080008b7   Thumb Code    38  stmflash.o(.text)
    STMFLASH_WaitDone                        0x080008dd   Thumb Code    42  stmflash.o(.text)
    STMFLASH_ErasePage                       0x08000907   Thumb Code    72  stmflash.o(.text)
    STMFLASH_WriteHalfWord                   0x0800094f   Thumb Code    58  stmflash.o(.text)
    STMFLASH_ReadHalfWord                    0x08000989   Thumb Code     6  stmflash.o(.text)
    STMFLASH_Write_NoCheck                   0x0800098f   Thumb Code    38  stmflash.o(.text)
    STMFLASH_Read                            0x080009b5   Thumb Code    34  stmflash.o(.text)
    STMFLASH_Write                           0x080009d7   Thumb Code   222  stmflash.o(.text)
    STMFLASH_Erase                           0x08000ab5   Thumb Code   134  stmflash.o(.text)
    Test_Write                               0x08000b3b   Thumb Code    16  stmflash.o(.text)
    STMFLASH_WriteNoErase                    0x08000b4b   Thumb Code   100  stmflash.o(.text)
    CAN_Mode_Init                            0x08000bef   Thumb Code   632  can.o(.text)
    Can_Tx_Msg                               0x08000f0f   Thumb Code   328  can.o(.text)
    Can_Rx_Msg                               0x08001057   Thumb Code   176  can.o(.text)
    USB_LP_CAN1_RX0_IRQHandler               0x08001107   Thumb Code    20  can.o(.text)
    Can_TxMsg                                0x0800111b   Thumb Code    22  can.o(.text)
    Can_RxMsg                                0x08001131   Thumb Code    22  can.o(.text)
    TASK_CAN_AutoSend                        0x08001147   Thumb Code    22  can.o(.text)
    KEY_INIT                                 0x0800116d   Thumb Code   100  key.o(.text)
    TaskKeyFun                               0x080011d1   Thumb Code   102  key.o(.text)
    InterfaceChange                          0x08001237   Thumb Code    66  key.o(.text)
    KeyCtl                                   0x08001279   Thumb Code    56  key.o(.text)
    EXTIX_Init                               0x080012b1   Thumb Code    52  key.o(.text)
    doublekey_press_process                  0x080012e5   Thumb Code    42  key.o(.text)
    RightKey_LongPress_Process               0x0800130f   Thumb Code   112  key.o(.text)
    LeftKey_LongPress_Process                0x0800137f   Thumb Code   106  key.o(.text)
    RightKeyProcess                          0x080013e9   Thumb Code    72  key.o(.text)
    EXTI0_IRQHandler                         0x08001431   Thumb Code    20  key.o(.text)
    LeftKeyProcess                           0x08001445   Thumb Code    68  key.o(.text)
    EXTI1_IRQHandler                         0x08001489   Thumb Code    20  key.o(.text)
    LCD_Writ_Bus                             0x080014d5   Thumb Code    70  oled.o(.text)
    LCD_WR_DATA8                             0x0800151b   Thumb Code    12  oled.o(.text)
    LCD_WR_DATA                              0x08001527   Thumb Code    18  oled.o(.text)
    LCD_WR_REG                               0x08001539   Thumb Code    28  oled.o(.text)
    LCD_DisplayOn                            0x08001555   Thumb Code    10  oled.o(.text)
    LCD_DisplayOff                           0x0800155f   Thumb Code    10  oled.o(.text)
    LCD_WriteRAM_Prepare                     0x08001569   Thumb Code    10  oled.o(.text)
    IMX_init                                 0x08001573   Thumb Code    54  oled.o(.text)
    LCD_Address_Set                          0x080015a9   Thumb Code    54  oled.o(.text)
    OLED_Init                                0x080015df   Thumb Code   474  oled.o(.text)
    LCD_Fill                                 0x080017b9   Thumb Code    74  oled.o(.text)
    LCD_DrawPoint                            0x08001803   Thumb Code    28  oled.o(.text)
    LCD_DrawLine                             0x0800181f   Thumb Code   218  oled.o(.text)
    LCD_DrawRectangle                        0x080018f9   Thumb Code    74  oled.o(.text)
    Draw_Circle                              0x08001943   Thumb Code   158  oled.o(.text)
    LCD_ShowChinese32x32                     0x080019e1   Thumb Code   306  oled.o(.text)
    LCD_ShowChinese24x24                     0x08001b13   Thumb Code   322  oled.o(.text)
    LCD_ShowChinese16x16                     0x08001c55   Thumb Code   306  oled.o(.text)
    LCD_ShowChinese12x12                     0x08001d87   Thumb Code   342  oled.o(.text)
    LCD_ShowChinese                          0x08001edd   Thumb Code   140  oled.o(.text)
    LCD_ShowChar                             0x08001f69   Thumb Code   328  oled.o(.text)
    LCD_ShowString                           0x080020b1   Thumb Code    66  oled.o(.text)
    LCDShowStringUpdate                      0x080020f3   Thumb Code    82  oled.o(.text)
    LCDStrLineFeed                           0x08002145   Thumb Code   202  oled.o(.text)
    LCDStrLine3Feed                          0x0800220f   Thumb Code   290  oled.o(.text)
    mypow                                    0x08002331   Thumb Code    22  oled.o(.text)
    LCD_ShowIntNum                           0x08002347   Thumb Code   150  oled.o(.text)
    LCD_ShowFloatNum1                        0x080023dd   Thumb Code   158  oled.o(.text)
    LCD_ShowPicture                          0x0800247b   Thumb Code   102  oled.o(.text)
    Show_Str                                 0x080024e1   Thumb Code   214  oled.o(.text)
    ShowSignalStrength                       0x080025bd   Thumb Code   344  showinterface.o(.text)
    ShowTime                                 0x08002715   Thumb Code    32  showinterface.o(.text)
    ShowInterfaceMain                        0x08002735   Thumb Code  1470  showinterface.o(.text)
    ShowWarning                              0x08002cf3   Thumb Code   836  showinterface.o(.text)
    ShowInterfaceEquipment                   0x08003037   Thumb Code   796  showinterface.o(.text)
    ShowInterface4G                          0x08003353   Thumb Code   544  showinterface.o(.text)
    ShowInterfaceAbout                       0x08003573   Thumb Code   218  showinterface.o(.text)
    IsInterfaceChange                        0x0800364d   Thumb Code    38  showinterface.o(.text)
    InterfaceChangeFlag                      0x08003673   Thumb Code     8  showinterface.o(.text)
    ChooseInterface                          0x0800367b   Thumb Code    56  showinterface.o(.text)
    WhichInterface                           0x080036b3   Thumb Code    14  showinterface.o(.text)
    LED_Init                                 0x08003775   Thumb Code    60  led.o(.text)
    _LED_SetTime                             0x080037b1   Thumb Code   104  led.o(.text)
    _LED_Blink_TASK                          0x08003819   Thumb Code   234  led.o(.text)
    _LED_TASK10MS                            0x08003903   Thumb Code     8  led.o(.text)
    CPU_TimerInit                            0x0800391d   Thumb Code    14  taskmgr.o(.text)
    timer_start                              0x08003a75   Thumb Code    72  taskmgr.o(.text)
    timer_create                             0x08003abd   Thumb Code    50  taskmgr.o(.text)
    timer_init                               0x08003b27   Thumb Code    56  taskmgr.o(.text)
    SysTask_Create                           0x08003b5f   Thumb Code   140  taskmgr.o(.text)
    GetSysTick                               0x08003beb   Thumb Code     6  taskmgr.o(.text)
    GetSysTime                               0x08003bf1   Thumb Code     6  taskmgr.o(.text)
    timer_task                               0x08003bf7   Thumb Code   120  taskmgr.o(.text)
    Timer0_IsrHandler                        0x08003c6f   Thumb Code    26  taskmgr.o(.text)
    Timer1_IsrHandler                        0x08003c89   Thumb Code    12  taskmgr.o(.text)
    Timer2_IsrHandler                        0x08003c95   Thumb Code    12  taskmgr.o(.text)
    timer_del                                0x08003cb3   Thumb Code    22  taskmgr.o(.text)
    timer_cancel                             0x08003cc9   Thumb Code    22  taskmgr.o(.text)
    main                                     0x08003d35   Thumb Code   148  main.o(.text)
    _Read_CanOnlineSta                       0x08003dd1   Thumb Code     6  uapp_can.o(.text)
    _SEND_CodeApply                          0x08003e1d   Thumb Code    64  uapp_can.o(.text)
    _SEND_CodeData                           0x08003e5d   Thumb Code    66  uapp_can.o(.text)
    _Rx_BinApply                             0x08003e9f   Thumb Code   118  uapp_can.o(.text)
    _Rx_BinData                              0x08003f15   Thumb Code   190  uapp_can.o(.text)
    _SEND_GetReady                           0x08003fd3   Thumb Code    30  uapp_can.o(.text)
    offline_sts                              0x08003ff1   Thumb Code    14  uapp_can.o(.text)
    _SEND_LayerFeedback                      0x080040df   Thumb Code    66  uapp_can.o(.text)
    send_layer_data                          0x08004121   Thumb Code    18  uapp_can.o(.text)
    send_data_succ                           0x08004133   Thumb Code     8  uapp_can.o(.text)
    can_rcv_layer                            0x0800413b   Thumb Code    28  uapp_can.o(.text)
    can_rcv_temp                             0x08004157   Thumb Code    22  uapp_can.o(.text)
    can_rcv_hmi                              0x0800416d   Thumb Code    22  uapp_can.o(.text)
    can_rcv_position                         0x08004183   Thumb Code    22  uapp_can.o(.text)
    can_rcv_voltage                          0x08004199   Thumb Code    60  uapp_can.o(.text)
    can_rcv_current                          0x080041d5   Thumb Code    22  uapp_can.o(.text)
    can_rcv_SS_Speed                         0x080041eb   Thumb Code    22  uapp_can.o(.text)
    can_rcv_HJ_Speed                         0x08004201   Thumb Code    22  uapp_can.o(.text)
    can_rcv_LayerTemp                        0x08004217   Thumb Code    14  uapp_can.o(.text)
    can_rcv_ScanData                         0x08004225   Thumb Code   130  uapp_can.o(.text)
    _ReadDecodeData                          0x080042a7   Thumb Code    30  uapp_can.o(.text)
    _WRITEDecodeData                         0x080042c5   Thumb Code    42  uapp_can.o(.text)
    _Rx_CodeApply                            0x080042ef   Thumb Code    40  uapp_can.o(.text)
    _Rx_CodeData                             0x08004317   Thumb Code   126  uapp_can.o(.text)
    CanReceiveProcess                        0x08004395   Thumb Code  1160  uapp_can.o(.text)
    CAN_TASK1ms                              0x0800481d   Thumb Code    24  uapp_can.o(.text)
    CAN_TASK1000ms                           0x08004835   Thumb Code    44  uapp_can.o(.text)
    _Show_TASK250ms                          0x08004861   Thumb Code     8  uapp_can.o(.text)
    _CAN_TASK10ms                            0x08004869   Thumb Code     2  uapp_can.o(.text)
    _CAN_TASK250ms                           0x0800486b   Thumb Code     2  uapp_can.o(.text)
    _COMM_STA_INIT                           0x080048dd   Thumb Code     8  uapp_comm.o(.text)
    _SYSPARA_INIT                            0x080048e5   Thumb Code    78  uapp_comm.o(.text)
    _ChecksumTask                            0x08004933   Thumb Code    30  uapp_comm.o(.text)
    _FrameChecksum                           0x08004951   Thumb Code    38  uapp_comm.o(.text)
    _Timer_Set                               0x08004977   Thumb Code    10  uapp_comm.o(.text)
    _Timer_Task                              0x08004981   Thumb Code    28  uapp_comm.o(.text)
    _Read_OnlineSta                          0x0800499d   Thumb Code     6  uapp_comm.o(.text)
    _CommWatchDog_TASK                       0x080049a3   Thumb Code    26  uapp_comm.o(.text)
    _Comm_TASK1000ms                         0x080049c5   Thumb Code     2  uapp_comm.o(.text)
    _Comm_TASK1ms                            0x080049c7   Thumb Code     2  uapp_comm.o(.text)
    _Comm_TASK10ms                           0x080049c9   Thumb Code     8  uapp_comm.o(.text)
    _Comm_TASK100ms                          0x080049d1   Thumb Code     2  uapp_comm.o(.text)
    _Comm_TASK250ms                          0x080049d3   Thumb Code     2  uapp_comm.o(.text)
    _Comm_TASK5ms                            0x080049d5   Thumb Code     2  uapp_comm.o(.text)
    filter_1                                 0x080049ed   Thumb Code    44  uapp_senser.o(.text)
    _READ_SenserData                         0x08004a19   Thumb Code    16  uapp_senser.o(.text)
    _WRITE_SenserData                        0x08004a29   Thumb Code    16  uapp_senser.o(.text)
    change                                   0x08004a39   Thumb Code   110  uapp_senser.o(.text)
    _SensorVal_Angle                         0x08004aa7   Thumb Code    84  uapp_senser.o(.text)
    weld_angle                               0x08004afb   Thumb Code   168  uapp_senser.o(.text)
    Reset_Handler                            0x08004bad   Thumb Code     8  startup_stm32f10x_md.o(.text)
    NMI_Handler                              0x08004bb5   Thumb Code     2  startup_stm32f10x_md.o(.text)
    HardFault_Handler                        0x08004bb7   Thumb Code     2  startup_stm32f10x_md.o(.text)
    MemManage_Handler                        0x08004bb9   Thumb Code     2  startup_stm32f10x_md.o(.text)
    BusFault_Handler                         0x08004bbb   Thumb Code     2  startup_stm32f10x_md.o(.text)
    UsageFault_Handler                       0x08004bbd   Thumb Code     2  startup_stm32f10x_md.o(.text)
    SVC_Handler                              0x08004bbf   Thumb Code     2  startup_stm32f10x_md.o(.text)
    DebugMon_Handler                         0x08004bc1   Thumb Code     2  startup_stm32f10x_md.o(.text)
    PendSV_Handler                           0x08004bc3   Thumb Code     2  startup_stm32f10x_md.o(.text)
    SysTick_Handler                          0x08004bc5   Thumb Code     2  startup_stm32f10x_md.o(.text)
    ADC1_2_IRQHandler                        0x08004bc7   Thumb Code     0  startup_stm32f10x_md.o(.text)
    CAN1_RX1_IRQHandler                      0x08004bc7   Thumb Code     0  startup_stm32f10x_md.o(.text)
    CAN1_SCE_IRQHandler                      0x08004bc7   Thumb Code     0  startup_stm32f10x_md.o(.text)
    DMA1_Channel1_IRQHandler                 0x08004bc7   Thumb Code     0  startup_stm32f10x_md.o(.text)
    DMA1_Channel2_IRQHandler                 0x08004bc7   Thumb Code     0  startup_stm32f10x_md.o(.text)
    DMA1_Channel3_IRQHandler                 0x08004bc7   Thumb Code     0  startup_stm32f10x_md.o(.text)
    DMA1_Channel4_IRQHandler                 0x08004bc7   Thumb Code     0  startup_stm32f10x_md.o(.text)
    DMA1_Channel5_IRQHandler                 0x08004bc7   Thumb Code     0  startup_stm32f10x_md.o(.text)
    DMA1_Channel6_IRQHandler                 0x08004bc7   Thumb Code     0  startup_stm32f10x_md.o(.text)
    DMA1_Channel7_IRQHandler                 0x08004bc7   Thumb Code     0  startup_stm32f10x_md.o(.text)
    EXTI15_10_IRQHandler                     0x08004bc7   Thumb Code     0  startup_stm32f10x_md.o(.text)
    EXTI2_IRQHandler                         0x08004bc7   Thumb Code     0  startup_stm32f10x_md.o(.text)
    EXTI3_IRQHandler                         0x08004bc7   Thumb Code     0  startup_stm32f10x_md.o(.text)
    EXTI4_IRQHandler                         0x08004bc7   Thumb Code     0  startup_stm32f10x_md.o(.text)
    EXTI9_5_IRQHandler                       0x08004bc7   Thumb Code     0  startup_stm32f10x_md.o(.text)
    FLASH_IRQHandler                         0x08004bc7   Thumb Code     0  startup_stm32f10x_md.o(.text)
    I2C1_ER_IRQHandler                       0x08004bc7   Thumb Code     0  startup_stm32f10x_md.o(.text)
    I2C1_EV_IRQHandler                       0x08004bc7   Thumb Code     0  startup_stm32f10x_md.o(.text)
    I2C2_ER_IRQHandler                       0x08004bc7   Thumb Code     0  startup_stm32f10x_md.o(.text)
    I2C2_EV_IRQHandler                       0x08004bc7   Thumb Code     0  startup_stm32f10x_md.o(.text)
    PVD_IRQHandler                           0x08004bc7   Thumb Code     0  startup_stm32f10x_md.o(.text)
    RCC_IRQHandler                           0x08004bc7   Thumb Code     0  startup_stm32f10x_md.o(.text)
    RTCAlarm_IRQHandler                      0x08004bc7   Thumb Code     0  startup_stm32f10x_md.o(.text)
    RTC_IRQHandler                           0x08004bc7   Thumb Code     0  startup_stm32f10x_md.o(.text)
    SPI1_IRQHandler                          0x08004bc7   Thumb Code     0  startup_stm32f10x_md.o(.text)
    SPI2_IRQHandler                          0x08004bc7   Thumb Code     0  startup_stm32f10x_md.o(.text)
    TAMPER_IRQHandler                        0x08004bc7   Thumb Code     0  startup_stm32f10x_md.o(.text)
    TIM1_BRK_IRQHandler                      0x08004bc7   Thumb Code     0  startup_stm32f10x_md.o(.text)
    TIM1_CC_IRQHandler                       0x08004bc7   Thumb Code     0  startup_stm32f10x_md.o(.text)
    TIM1_TRG_COM_IRQHandler                  0x08004bc7   Thumb Code     0  startup_stm32f10x_md.o(.text)
    TIM1_UP_IRQHandler                       0x08004bc7   Thumb Code     0  startup_stm32f10x_md.o(.text)
    TIM3_IRQHandler                          0x08004bc7   Thumb Code     0  startup_stm32f10x_md.o(.text)
    USART2_IRQHandler                        0x08004bc7   Thumb Code     0  startup_stm32f10x_md.o(.text)
    USART3_IRQHandler                        0x08004bc7   Thumb Code     0  startup_stm32f10x_md.o(.text)
    USBWakeUp_IRQHandler                     0x08004bc7   Thumb Code     0  startup_stm32f10x_md.o(.text)
    USB_HP_CAN1_TX_IRQHandler                0x08004bc7   Thumb Code     0  startup_stm32f10x_md.o(.text)
    WWDG_IRQHandler                          0x08004bc7   Thumb Code     0  startup_stm32f10x_md.o(.text)
    __user_initial_stackheap                 0x08004bc9   Thumb Code     0  startup_stm32f10x_md.o(.text)
    SystemInit                               0x08004ccb   Thumb Code    78  system_stm32f10x.o(.text)
    SystemCoreClockUpdate                    0x08004d19   Thumb Code   142  system_stm32f10x.o(.text)
    malloc                                   0x08004dcd   Thumb Code    94  h1_alloc.o(.text)
    free                                     0x08004e2b   Thumb Code    78  h1_free.o(.text)
    __2sprintf                               0x08004e79   Thumb Code    34  noretval__2sprintf.o(.text)
    __printf                                 0x08004ea1   Thumb Code   104  __printf.o(.text)
    _printf_int_dec                          0x08004f09   Thumb Code   104  _printf_dec.o(.text)
    atoi                                     0x08004f81   Thumb Code    26  atoi.o(.text)
    memcmp                                   0x08004f9b   Thumb Code    88  memcmp.o(.text)
    __aeabi_memcpy                           0x08004ff3   Thumb Code     0  rt_memcpy_v6.o(.text)
    __rt_memcpy                              0x08004ff3   Thumb Code   138  rt_memcpy_v6.o(.text)
    _memcpy_lastbytes                        0x08005059   Thumb Code     0  rt_memcpy_v6.o(.text)
    __aeabi_memclr                           0x0800507d   Thumb Code     0  rt_memclr.o(.text)
    __rt_memclr                              0x0800507d   Thumb Code    68  rt_memclr.o(.text)
    _memset                                  0x08005081   Thumb Code     0  rt_memclr.o(.text)
    __aeabi_memclr4                          0x080050c1   Thumb Code     0  rt_memclr_w.o(.text)
    __aeabi_memclr8                          0x080050c1   Thumb Code     0  rt_memclr_w.o(.text)
    __rt_memclr_w                            0x080050c1   Thumb Code    78  rt_memclr_w.o(.text)
    _memset_w                                0x080050c5   Thumb Code     0  rt_memclr_w.o(.text)
    __use_two_region_memory                  0x0800510f   Thumb Code     2  heapauxi.o(.text)
    __rt_heap_escrow                         0x08005111   Thumb Code     2  heapauxi.o(.text)
    __rt_heap_expand                         0x08005113   Thumb Code     2  heapauxi.o(.text)
    __rt_heap_descriptor                     0x08005115   Thumb Code     8  rt_heap_descriptor_intlibspace.o(.text)
    __aeabi_errno_addr                       0x0800511d   Thumb Code     8  rt_errno_addr_intlibspace.o(.text)
    __errno$intlibspace                      0x0800511d   Thumb Code     0  rt_errno_addr_intlibspace.o(.text)
    __rt_errno_addr$intlibspace              0x0800511d   Thumb Code     0  rt_errno_addr_intlibspace.o(.text)
    __use_no_heap                            0x08005125   Thumb Code     2  hguard.o(.text)
    __heap$guard                             0x08005127   Thumb Code     2  hguard.o(.text)
    _terminate_user_alloc                    0x08005129   Thumb Code     2  init_alloc.o(.text)
    _init_user_alloc                         0x0800512b   Thumb Code     2  init_alloc.o(.text)
    __Heap_Full                              0x0800512d   Thumb Code    34  init_alloc.o(.text)
    __Heap_Broken                            0x0800514f   Thumb Code     6  init_alloc.o(.text)
    _init_alloc                              0x08005155   Thumb Code    94  init_alloc.o(.text)
    __Heap_Initialize                        0x080051b3   Thumb Code    10  h1_init.o(.text)
    __Heap_DescSize                          0x080051bd   Thumb Code     4  h1_init.o(.text)
    _printf_int_common                       0x080051c1   Thumb Code   178  _printf_intcommon.o(.text)
    _printf_char_common                      0x0800527f   Thumb Code    32  _printf_char_common.o(.text)
    _sputc                                   0x080052a5   Thumb Code    10  _sputc.o(.text)
    strtol                                   0x080052af   Thumb Code   112  strtol.o(.text)
    __aeabi_memcpy4                          0x0800531f   Thumb Code     0  rt_memcpy_w.o(.text)
    __aeabi_memcpy8                          0x0800531f   Thumb Code     0  rt_memcpy_w.o(.text)
    __rt_memcpy_w                            0x0800531f   Thumb Code   100  rt_memcpy_w.o(.text)
    _memcpy_lastbytes_aligned                0x08005367   Thumb Code     0  rt_memcpy_w.o(.text)
    __user_libspace                          0x08005385   Thumb Code     8  libspace.o(.text)
    __user_perproc_libspace                  0x08005385   Thumb Code     0  libspace.o(.text)
    __user_perthread_libspace                0x08005385   Thumb Code     0  libspace.o(.text)
    __rt_ctype_table                         0x0800538d   Thumb Code    16  rt_ctype_table.o(.text)
    __Heap_ProvideMemory                     0x0800539d   Thumb Code    52  h1_extend.o(.text)
    _strtoul                                 0x080053d1   Thumb Code   158  _strtoul.o(.text)
    __rt_SIGRTMEM                            0x0800546f   Thumb Code    14  defsig_rtmem_outer.o(.text)
    __I$use$semihosting                      0x0800547d   Thumb Code     0  use_no_semi.o(.text)
    __use_no_semihosting_swi                 0x0800547d   Thumb Code     2  use_no_semi.o(.text)
    __semihosting_library_function           0x0800547f   Thumb Code     0  indicate_semi.o(.text)
    __user_setup_stackheap                   0x0800547f   Thumb Code    74  sys_stackheap_outer.o(.text)
    __rt_locale                              0x080054c9   Thumb Code     8  rt_locale_intlibspace.o(.text)
    _chval                                   0x080054d1   Thumb Code    28  _chval.o(.text)
    exit                                     0x080054ed   Thumb Code    18  exit.o(.text)
    __sig_exit                               0x080054ff   Thumb Code    10  defsig_exit.o(.text)
    __rt_SIGRTMEM_inner                      0x08005509   Thumb Code    22  defsig_rtmem_inner.o(.text)
    _sys_exit                                0x08005559   Thumb Code     8  sys_exit.o(.text)
    __default_signal_display                 0x08005565   Thumb Code    50  defsig_general.o(.text)
    strcmp                                   0x08005599   Thumb Code   128  strcmpv7m.o(.text)
    _ttywrch                                 0x08005619   Thumb Code    14  sys_wrch.o(.text)
    _get_lc_ctype                            0x08005629   Thumb Code    44  lc_ctype_c.o(locale$$code)
    __aeabi_fadd                             0x08005655   Thumb Code     0  faddsub_clz.o(x$fpl$fadd)
    _fadd                                    0x08005655   Thumb Code   196  faddsub_clz.o(x$fpl$fadd)
    __aeabi_fdiv                             0x08005719   Thumb Code     0  fdiv.o(x$fpl$fdiv)
    _fdiv                                    0x08005719   Thumb Code   384  fdiv.o(x$fpl$fdiv)
    __aeabi_f2uiz                            0x0800589d   Thumb Code     0  ffixu.o(x$fpl$ffixu)
    _ffixu                                   0x0800589d   Thumb Code    62  ffixu.o(x$fpl$ffixu)
    __aeabi_ui2f                             0x080058dd   Thumb Code     0  fflt_clz.o(x$fpl$ffltu)
    _ffltu                                   0x080058dd   Thumb Code    38  fflt_clz.o(x$fpl$ffltu)
    __aeabi_fmul                             0x08005905   Thumb Code     0  fmul.o(x$fpl$fmul)
    _fmul                                    0x08005905   Thumb Code   258  fmul.o(x$fpl$fmul)
    __fpl_fnaninf                            0x08005a07   Thumb Code   140  fnaninf.o(x$fpl$fnaninf)
    __fpl_fretinf                            0x08005a93   Thumb Code    10  fretinf.o(x$fpl$fretinf)
    __aeabi_frsub                            0x08005a9d   Thumb Code     0  faddsub_clz.o(x$fpl$frsb)
    _frsb                                    0x08005a9d   Thumb Code    20  faddsub_clz.o(x$fpl$frsb)
    __aeabi_fsub                             0x08005ab1   Thumb Code     0  faddsub_clz.o(x$fpl$fsub)
    _fsub                                    0x08005ab1   Thumb Code   234  faddsub_clz.o(x$fpl$fsub)
    TransmitID0                              0x08005b9a   Data           2  can.o(.constdata)
    __I$use$fp                               0x08005b9a   Number         0  usenofp.o(x$fpl$usenofp)
    TransmitID1                              0x08005b9c   Data           2  can.o(.constdata)
    TransmitID2                              0x08005b9e   Data           2  can.o(.constdata)
    TransmitID3                              0x08005ba0   Data           2  can.o(.constdata)
    ReceiveID0                               0x08005ba2   Data           2  can.o(.constdata)
    ReceiveID1                               0x08005ba4   Data           2  can.o(.constdata)
    ReceiveID2                               0x08005ba6   Data           2  can.o(.constdata)
    ascii_1206                               0x08005ba8   Data        1140  oled.o(.constdata)
    ascii_1608                               0x0800601c   Data        1520  oled.o(.constdata)
    ascii_2412                               0x0800660c   Data        4560  oled.o(.constdata)
    ascii_3216                               0x080077dc   Data        6080  oled.o(.constdata)
    tfont12                                  0x08008f9c   Data          26  oled.o(.constdata)
    tfont16                                  0x08008fb6   Data        2720  oled.o(.constdata)
    tfont24                                  0x08009a56   Data          74  oled.o(.constdata)
    tfont32                                  0x08009aa0   Data         130  oled.o(.constdata)
    gImage_black                             0x08009b22   Data       22080  pic.o(.constdata)
    Region$$Table$$Base                      0x0800f164   Number         0  anon$$obj.o(Region$$Table)
    Region$$Table$$Limit                     0x0800f184   Number         0  anon$$obj.o(Region$$Table)
    __ctype                                  0x0800f191   Data           0  lc_ctype_c.o(locale$$data)
    Interface                                0x2000000c   Data           8  showinterface.o(.data)
    SysTimer                                 0x20000014   Data           8  taskmgr.o(.data)
    CpuTimer0                                0x2000001c   Data           4  taskmgr.o(.data)
    CpuTimer1                                0x20000020   Data           4  taskmgr.o(.data)
    CpuTimer2                                0x20000024   Data           4  taskmgr.o(.data)
    HeartBeatData                            0x20000028   Data           6  uapp_can.o(.data)
    FeedBackData                             0x2000002e   Data           6  uapp_can.o(.data)
    CanStatus                                0x20000034   Data           6  uapp_can.o(.data)
    ReceiveID                                0x2000003a   Data           2  uapp_can.o(.data)
    Codedata                                 0x2000003c   Data           4  uapp_can.o(.data)
    SystemCoreClock                          0x20000040   Data           4  system_stm32f10x.o(.data)
    AHBPrescTable                            0x20000044   Data          16  system_stm32f10x.o(.data)
    U1ReceiveBuf                             0x20000054   Data         302  usart.o(.bss)
    U1ShadowBuf                              0x20000182   Data         302  usart.o(.bss)
    STMFLASH_BUF                             0x200002b0   Data        1024  stmflash.o(.bss)
    CANTxType                                0x200006b0   Data        1224  can.o(.bss)
    CANRxType                                0x20000b78   Data        1224  can.o(.bss)
    ParaKeyLayerMinus                        0x20001040   Data          24  key.o(.bss)
    ParaKeyLayerAdd                          0x20001058   Data          24  key.o(.bss)
    ParaKeyFunLeft                           0x20001070   Data          24  key.o(.bss)
    ParaKeyFunRight                          0x20001088   Data          24  key.o(.bss)
    BlinkPara                                0x200010a0   Data          60  led.o(.bss)
    timer0_task0                             0x2000113c   Data          20  taskmgr.o(.bss)
    timer0_task1                             0x20001150   Data          20  taskmgr.o(.bss)
    timer0_task2                             0x20001164   Data          20  taskmgr.o(.bss)
    timer0_task3                             0x20001178   Data          20  taskmgr.o(.bss)
    timer0_task4                             0x2000118c   Data          20  taskmgr.o(.bss)
    timer1_task0                             0x200011a0   Data          20  taskmgr.o(.bss)
    timer1_task1                             0x200011b4   Data          20  taskmgr.o(.bss)
    timer1_task2                             0x200011c8   Data          20  taskmgr.o(.bss)
    timer1_task3                             0x200011dc   Data          20  taskmgr.o(.bss)
    timer1_task4                             0x200011f0   Data          20  taskmgr.o(.bss)
    timer1_task5                             0x20001204   Data          20  taskmgr.o(.bss)
    DecodeData                               0x20001218   Data         204  uapp_can.o(.bss)
    CAN_DataPipe                             0x200012e4   Data         204  uapp_can.o(.bss)
    CAN_DataWelder                           0x200013b0   Data         204  uapp_can.o(.bss)
    CAN_DataProjectID                        0x2000147c   Data         204  uapp_can.o(.bss)
    CAN_DataTeamCode                         0x20001548   Data         204  uapp_can.o(.bss)
    CAN_DataProcess                          0x20001614   Data         204  uapp_can.o(.bss)
    CAN_DataEquipCode                        0x200016e0   Data         204  uapp_can.o(.bss)
    CAN_DataBoxID                            0x200017ac   Data         204  uapp_can.o(.bss)
    CAN_DataHjProcess                        0x20001878   Data         204  uapp_can.o(.bss)
    CAN_DataWarning                          0x20001944   Data         204  uapp_can.o(.bss)
    CAN_DataTime                             0x20001a10   Data         204  uapp_can.o(.bss)
    CAN_DataSingalStrength                   0x20001adc   Data         204  uapp_can.o(.bss)
    CAN_DataICCID                            0x20001ba8   Data         204  uapp_can.o(.bss)
    CAN_DataCPSI                             0x20001c74   Data         204  uapp_can.o(.bss)
    CAN_DataLBSx                             0x20001d40   Data         204  uapp_can.o(.bss)
    CAN_DataLBSy                             0x20001e0c   Data         204  uapp_can.o(.bss)
    CAN_DataIMEI                             0x20001ed8   Data         204  uapp_can.o(.bss)
    CAN_DataVersionSM                        0x20001fa4   Data         204  uapp_can.o(.bss)
    CAN_DataVersionAS                        0x20002070   Data         204  uapp_can.o(.bss)
    CAN_CodeTrans                            0x2000213c   Data          24  uapp_can.o(.bss)
    CAN_BinTrans                             0x20002154   Data          24  uapp_can.o(.bss)
    CAN_CodeTrans_Pipe                       0x2000216c   Data          24  uapp_can.o(.bss)
    CAN_CodeTrans_Welder                     0x20002184   Data          24  uapp_can.o(.bss)
    CAN_CodeTrans_ProjectID                  0x2000219c   Data          24  uapp_can.o(.bss)
    CAN_CodeTrans_TeamCode                   0x200021b4   Data          24  uapp_can.o(.bss)
    CAN_CodeTrans_Process                    0x200021cc   Data          24  uapp_can.o(.bss)
    CAN_CodeTrans_EquipCode                  0x200021e4   Data          24  uapp_can.o(.bss)
    CAN_CodeTrans_BoxID                      0x200021fc   Data          24  uapp_can.o(.bss)
    CAN_CodeTrans_HjProcess                  0x20002214   Data          24  uapp_can.o(.bss)
    CAN_CodeTrans_Warning                    0x2000222c   Data          24  uapp_can.o(.bss)
    CAN_CodeTrans_Time                       0x20002244   Data          24  uapp_can.o(.bss)
    CAN_CodeTrans_SignalStrength             0x2000225c   Data          24  uapp_can.o(.bss)
    CAN_CodeTrans_ICCID                      0x20002274   Data          24  uapp_can.o(.bss)
    CAN_CodeTrans_CPSI                       0x2000228c   Data          24  uapp_can.o(.bss)
    CAN_CodeTrans_LBS                        0x200022a4   Data          24  uapp_can.o(.bss)
    CAN_CodeTrans_LBSx                       0x200022bc   Data          24  uapp_can.o(.bss)
    CAN_CodeTrans_LBSy                       0x200022d4   Data          24  uapp_can.o(.bss)
    CAN_CodeTrans_IMEI                       0x200022ec   Data          24  uapp_can.o(.bss)
    CAN_CodeTrans_VersionSM                  0x20002304   Data          24  uapp_can.o(.bss)
    CAN_CodeTrans_VersionAS                  0x2000231c   Data          24  uapp_can.o(.bss)
    can_layer                                0x20002334   Data          32  uapp_can.o(.bss)
    AS4Data                                  0x20002354   Data        1044  uapp_can.o(.bss)
    His_AS4Data                              0x20002768   Data        1044  uapp_can.o(.bss)
    TmpRxData                                0x20002b7c   Data          32  uapp_comm.o(.bss)
    TmpTxData                                0x20002b9c   Data          32  uapp_comm.o(.bss)
    ConnCtrl                                 0x20002bbc   Data          32  uapp_comm.o(.bss)
    UpdataCtrl                               0x20002bdc   Data          32  uapp_comm.o(.bss)
    BinTransCtrl                             0x20002bfc   Data          24  uapp_comm.o(.bss)
    MEM_Databuf                              0x20002c14   Data         128  uapp_comm.o(.bss)
    SenserVal                                0x20002c94   Data          32  uapp_senser.o(.bss)
    SenserOld                                0x20002cb4   Data          32  uapp_senser.o(.bss)
    HisSenserVal                             0x20002cd4   Data          32  uapp_senser.o(.bss)
    __libspace_start                         0x20002cf4   Data          96  libspace.o(.bss)
    __temporary_stack_top$libspace           0x20002d54   Data           0  libspace.o(.bss)



==============================================================================

Memory Map of the image

  Image Entry point : 0x080000ed

  Load Region LR_IROM1 (Base: 0x08000000, Size: 0x0000f2e8, Max: 0x00010000, ABSOLUTE)

    Execution Region ER_IROM1 (Exec base: 0x08000000, Load base: 0x08000000, Size: 0x0000f294, Max: 0x00010000, ABSOLUTE)

    Exec Addr    Load Addr    Size         Type   Attr      Idx    E Section Name        Object

    0x08000000   0x08000000   0x000000ec   Data   RO          435    RESET               startup_stm32f10x_md.o
    0x080000ec   0x080000ec   0x00000008   Code   RO          595  * !!!main             c_w.l(__main.o)
    0x080000f4   0x080000f4   0x00000034   Code   RO          857    !!!scatter          c_w.l(__scatter.o)
    0x08000128   0x08000128   0x0000001a   Code   RO          859    !!handler_copy      c_w.l(__scatter_copy.o)
    0x08000142   0x08000142   0x00000002   PAD
    0x08000144   0x08000144   0x0000001c   Code   RO          861    !!handler_zi        c_w.l(__scatter_zi.o)
    0x08000160   0x08000160   0x00000000   Code   RO          582    .ARM.Collect$$_printf_percent$$00000000  c_w.l(_printf_percent.o)
    0x08000160   0x08000160   0x00000006   Code   RO          581    .ARM.Collect$$_printf_percent$$00000009  c_w.l(_printf_d.o)
    0x08000166   0x08000166   0x00000004   Code   RO          658    .ARM.Collect$$_printf_percent$$00000017  c_w.l(_printf_percent_end.o)
    0x0800016a   0x0800016a   0x00000002   Code   RO          794    .ARM.Collect$$libinit$$00000000  c_w.l(libinit.o)
    0x0800016c   0x0800016c   0x00000000   Code   RO          666    .ARM.Collect$$libinit$$00000002  c_w.l(libinit2.o)
    0x0800016c   0x0800016c   0x00000000   Code   RO          668    .ARM.Collect$$libinit$$00000004  c_w.l(libinit2.o)
    0x0800016c   0x0800016c   0x00000008   Code   RO          669    .ARM.Collect$$libinit$$00000005  c_w.l(libinit2.o)
    0x08000174   0x08000174   0x00000000   Code   RO          671    .ARM.Collect$$libinit$$0000000A  c_w.l(libinit2.o)
    0x08000174   0x08000174   0x00000000   Code   RO          673    .ARM.Collect$$libinit$$0000000C  c_w.l(libinit2.o)
    0x08000174   0x08000174   0x00000000   Code   RO          675    .ARM.Collect$$libinit$$0000000E  c_w.l(libinit2.o)
    0x08000174   0x08000174   0x00000006   Code   RO          676    .ARM.Collect$$libinit$$0000000F  c_w.l(libinit2.o)
    0x0800017a   0x0800017a   0x00000000   Code   RO          678    .ARM.Collect$$libinit$$00000011  c_w.l(libinit2.o)
    0x0800017a   0x0800017a   0x0000000c   Code   RO          679    .ARM.Collect$$libinit$$00000012  c_w.l(libinit2.o)
    0x08000186   0x08000186   0x00000000   Code   RO          680    .ARM.Collect$$libinit$$00000013  c_w.l(libinit2.o)
    0x08000186   0x08000186   0x00000000   Code   RO          682    .ARM.Collect$$libinit$$00000015  c_w.l(libinit2.o)
    0x08000186   0x08000186   0x00000000   Code   RO          684    .ARM.Collect$$libinit$$00000017  c_w.l(libinit2.o)
    0x08000186   0x08000186   0x00000000   Code   RO          686    .ARM.Collect$$libinit$$00000019  c_w.l(libinit2.o)
    0x08000186   0x08000186   0x00000000   Code   RO          688    .ARM.Collect$$libinit$$0000001B  c_w.l(libinit2.o)
    0x08000186   0x08000186   0x00000000   Code   RO          690    .ARM.Collect$$libinit$$0000001D  c_w.l(libinit2.o)
    0x08000186   0x08000186   0x00000000   Code   RO          692    .ARM.Collect$$libinit$$0000001F  c_w.l(libinit2.o)
    0x08000186   0x08000186   0x00000000   Code   RO          694    .ARM.Collect$$libinit$$00000021  c_w.l(libinit2.o)
    0x08000186   0x08000186   0x00000000   Code   RO          696    .ARM.Collect$$libinit$$00000023  c_w.l(libinit2.o)
    0x08000186   0x08000186   0x00000000   Code   RO          698    .ARM.Collect$$libinit$$00000025  c_w.l(libinit2.o)
    0x08000186   0x08000186   0x00000000   Code   RO          702    .ARM.Collect$$libinit$$0000002C  c_w.l(libinit2.o)
    0x08000186   0x08000186   0x00000000   Code   RO          704    .ARM.Collect$$libinit$$0000002E  c_w.l(libinit2.o)
    0x08000186   0x08000186   0x00000000   Code   RO          706    .ARM.Collect$$libinit$$00000030  c_w.l(libinit2.o)
    0x08000186   0x08000186   0x00000000   Code   RO          708    .ARM.Collect$$libinit$$00000032  c_w.l(libinit2.o)
    0x08000186   0x08000186   0x00000002   Code   RO          709    .ARM.Collect$$libinit$$00000033  c_w.l(libinit2.o)
    0x08000188   0x08000188   0x00000002   Code   RO          854    .ARM.Collect$$libshutdown$$00000000  c_w.l(libshutdown.o)
    0x0800018a   0x0800018a   0x00000000   Code   RO          810    .ARM.Collect$$libshutdown$$00000002  c_w.l(libshutdown2.o)
    0x0800018a   0x0800018a   0x00000000   Code   RO          812    .ARM.Collect$$libshutdown$$00000004  c_w.l(libshutdown2.o)
    0x0800018a   0x0800018a   0x00000000   Code   RO          815    .ARM.Collect$$libshutdown$$00000007  c_w.l(libshutdown2.o)
    0x0800018a   0x0800018a   0x00000000   Code   RO          818    .ARM.Collect$$libshutdown$$0000000A  c_w.l(libshutdown2.o)
    0x0800018a   0x0800018a   0x00000000   Code   RO          820    .ARM.Collect$$libshutdown$$0000000C  c_w.l(libshutdown2.o)
    0x0800018a   0x0800018a   0x00000000   Code   RO          823    .ARM.Collect$$libshutdown$$0000000F  c_w.l(libshutdown2.o)
    0x0800018a   0x0800018a   0x00000002   Code   RO          824    .ARM.Collect$$libshutdown$$00000010  c_w.l(libshutdown2.o)
    0x0800018c   0x0800018c   0x00000000   Code   RO          621    .ARM.Collect$$rtentry$$00000000  c_w.l(__rtentry.o)
    0x0800018c   0x0800018c   0x00000000   Code   RO          721    .ARM.Collect$$rtentry$$00000002  c_w.l(__rtentry2.o)
    0x0800018c   0x0800018c   0x00000006   Code   RO          733    .ARM.Collect$$rtentry$$00000004  c_w.l(__rtentry4.o)
    0x08000192   0x08000192   0x00000000   Code   RO          723    .ARM.Collect$$rtentry$$00000009  c_w.l(__rtentry2.o)
    0x08000192   0x08000192   0x00000004   Code   RO          724    .ARM.Collect$$rtentry$$0000000A  c_w.l(__rtentry2.o)
    0x08000196   0x08000196   0x00000000   Code   RO          726    .ARM.Collect$$rtentry$$0000000C  c_w.l(__rtentry2.o)
    0x08000196   0x08000196   0x00000008   Code   RO          727    .ARM.Collect$$rtentry$$0000000D  c_w.l(__rtentry2.o)
    0x0800019e   0x0800019e   0x00000002   Code   RO          797    .ARM.Collect$$rtexit$$00000000  c_w.l(rtexit.o)
    0x080001a0   0x080001a0   0x00000000   Code   RO          828    .ARM.Collect$$rtexit$$00000002  c_w.l(rtexit2.o)
    0x080001a0   0x080001a0   0x00000004   Code   RO          829    .ARM.Collect$$rtexit$$00000003  c_w.l(rtexit2.o)
    0x080001a4   0x080001a4   0x00000006   Code   RO          830    .ARM.Collect$$rtexit$$00000004  c_w.l(rtexit2.o)
    0x080001aa   0x080001aa   0x00000002   PAD
    0x080001ac   0x080001ac   0x00000002   Code   RO           35    .emb_text           sys.o
    0x080001ae   0x080001ae   0x00000002   PAD
    0x080001b0   0x080001b0   0x00000000   Code   RO          739    .emb_text           c_w.l(maybetermalloc1.o)
    0x080001b0   0x080001b0   0x000000b0   Code   RO            1    .text               delay.o
    0x08000260   0x08000260   0x000002dc   Code   RO           36    .text               sys.o
    0x0800053c   0x0800053c   0x000001f4   Code   RO           55    .text               usart.o
    0x08000730   0x08000730   0x0000016c   Code   RO           87    .text               timer.o
    0x0800089c   0x0800089c   0x0000032c   Code   RO          160    .text               stmflash.o
    0x08000bc8   0x08000bc8   0x000005a4   Code   RO          178    .text               can.o
    0x0800116c   0x0800116c   0x00000368   Code   RO          211    .text               key.o
    0x080014d4   0x080014d4   0x000010e8   Code   RO          234    .text               oled.o
    0x080025bc   0x080025bc   0x000011b8   Code   RO          265    .text               showinterface.o
    0x08003774   0x08003774   0x000001a8   Code   RO          300    .text               led.o
    0x0800391c   0x0800391c   0x00000418   Code   RO          315    .text               taskmgr.o
    0x08003d34   0x08003d34   0x0000009c   Code   RO          334    .text               main.o
    0x08003dd0   0x08003dd0   0x00000b0c   Code   RO          369    .text               uapp_can.o
    0x080048dc   0x080048dc   0x00000110   Code   RO          389    .text               uapp_comm.o
    0x080049ec   0x080049ec   0x000001c0   Code   RO          415    .text               uapp_senser.o
    0x08004bac   0x08004bac   0x00000040   Code   RO          436    .text               startup_stm32f10x_md.o
    0x08004bec   0x08004bec   0x000001e0   Code   RO          443    .text               system_stm32f10x.o
    0x08004dcc   0x08004dcc   0x0000005e   Code   RO          495    .text               c_w.l(h1_alloc.o)
    0x08004e2a   0x08004e2a   0x0000004e   Code   RO          497    .text               c_w.l(h1_free.o)
    0x08004e78   0x08004e78   0x00000028   Code   RO          555    .text               c_w.l(noretval__2sprintf.o)
    0x08004ea0   0x08004ea0   0x00000068   Code   RO          557    .text               c_w.l(__printf.o)
    0x08004f08   0x08004f08   0x00000078   Code   RO          559    .text               c_w.l(_printf_dec.o)
    0x08004f80   0x08004f80   0x0000001a   Code   RO          583    .text               c_w.l(atoi.o)
    0x08004f9a   0x08004f9a   0x00000058   Code   RO          585    .text               c_w.l(memcmp.o)
    0x08004ff2   0x08004ff2   0x0000008a   Code   RO          587    .text               c_w.l(rt_memcpy_v6.o)
    0x0800507c   0x0800507c   0x00000044   Code   RO          589    .text               c_w.l(rt_memclr.o)
    0x080050c0   0x080050c0   0x0000004e   Code   RO          591    .text               c_w.l(rt_memclr_w.o)
    0x0800510e   0x0800510e   0x00000006   Code   RO          593    .text               c_w.l(heapauxi.o)
    0x08005114   0x08005114   0x00000008   Code   RO          625    .text               c_w.l(rt_heap_descriptor_intlibspace.o)
    0x0800511c   0x0800511c   0x00000008   Code   RO          630    .text               c_w.l(rt_errno_addr_intlibspace.o)
    0x08005124   0x08005124   0x00000004   Code   RO          632    .text               c_w.l(hguard.o)
    0x08005128   0x08005128   0x0000008a   Code   RO          634    .text               c_w.l(init_alloc.o)
    0x080051b2   0x080051b2   0x0000000e   Code   RO          638    .text               c_w.l(h1_init.o)
    0x080051c0   0x080051c0   0x000000b2   Code   RO          652    .text               c_w.l(_printf_intcommon.o)
    0x08005272   0x08005272   0x00000002   PAD
    0x08005274   0x08005274   0x00000030   Code   RO          654    .text               c_w.l(_printf_char_common.o)
    0x080052a4   0x080052a4   0x0000000a   Code   RO          656    .text               c_w.l(_sputc.o)
    0x080052ae   0x080052ae   0x00000070   Code   RO          659    .text               c_w.l(strtol.o)
    0x0800531e   0x0800531e   0x00000064   Code   RO          661    .text               c_w.l(rt_memcpy_w.o)
    0x08005382   0x08005382   0x00000002   PAD
    0x08005384   0x08005384   0x00000008   Code   RO          717    .text               c_w.l(libspace.o)
    0x0800538c   0x0800538c   0x00000010   Code   RO          735    .text               c_w.l(rt_ctype_table.o)
    0x0800539c   0x0800539c   0x00000034   Code   RO          741    .text               c_w.l(h1_extend.o)
    0x080053d0   0x080053d0   0x0000009e   Code   RO          747    .text               c_w.l(_strtoul.o)
    0x0800546e   0x0800546e   0x0000000e   Code   RO          749    .text               c_w.l(defsig_rtmem_outer.o)
    0x0800547c   0x0800547c   0x00000002   Code   RO          760    .text               c_w.l(use_no_semi.o)
    0x0800547e   0x0800547e   0x00000000   Code   RO          762    .text               c_w.l(indicate_semi.o)
    0x0800547e   0x0800547e   0x0000004a   Code   RO          763    .text               c_w.l(sys_stackheap_outer.o)
    0x080054c8   0x080054c8   0x00000008   Code   RO          770    .text               c_w.l(rt_locale_intlibspace.o)
    0x080054d0   0x080054d0   0x0000001c   Code   RO          774    .text               c_w.l(_chval.o)
    0x080054ec   0x080054ec   0x00000012   Code   RO          779    .text               c_w.l(exit.o)
    0x080054fe   0x080054fe   0x0000000a   Code   RO          781    .text               c_w.l(defsig_exit.o)
    0x08005508   0x08005508   0x00000050   Code   RO          783    .text               c_w.l(defsig_rtmem_inner.o)
    0x08005558   0x08005558   0x0000000c   Code   RO          795    .text               c_w.l(sys_exit.o)
    0x08005564   0x08005564   0x00000032   Code   RO          805    .text               c_w.l(defsig_general.o)
    0x08005596   0x08005596   0x00000002   PAD
    0x08005598   0x08005598   0x00000080   Code   RO          807    .text               c_w.l(strcmpv7m.o)
    0x08005618   0x08005618   0x0000000e   Code   RO          825    .text               c_w.l(sys_wrch.o)
    0x08005626   0x08005626   0x00000002   PAD
    0x08005628   0x08005628   0x0000002c   Code   RO          777    locale$$code        c_w.l(lc_ctype_c.o)
    0x08005654   0x08005654   0x000000c4   Code   RO          597    x$fpl$fadd          fz_ws.l(faddsub_clz.o)
    0x08005718   0x08005718   0x00000184   Code   RO          604    x$fpl$fdiv          fz_ws.l(fdiv.o)
    0x0800589c   0x0800589c   0x0000003e   Code   RO          607    x$fpl$ffixu         fz_ws.l(ffixu.o)
    0x080058da   0x080058da   0x00000002   PAD
    0x080058dc   0x080058dc   0x00000026   Code   RO          611    x$fpl$ffltu         fz_ws.l(fflt_clz.o)
    0x08005902   0x08005902   0x00000002   PAD
    0x08005904   0x08005904   0x00000102   Code   RO          617    x$fpl$fmul          fz_ws.l(fmul.o)
    0x08005a06   0x08005a06   0x0000008c   Code   RO          710    x$fpl$fnaninf       fz_ws.l(fnaninf.o)
    0x08005a92   0x08005a92   0x0000000a   Code   RO          712    x$fpl$fretinf       fz_ws.l(fretinf.o)
    0x08005a9c   0x08005a9c   0x00000014   Code   RO          598    x$fpl$frsb          fz_ws.l(faddsub_clz.o)
    0x08005ab0   0x08005ab0   0x000000ea   Code   RO          599    x$fpl$fsub          fz_ws.l(faddsub_clz.o)
    0x08005b9a   0x08005b9a   0x00000000   Code   RO          714    x$fpl$usenofp       fz_ws.l(usenofp.o)
    0x08005b9a   0x08005b9a   0x0000000e   Data   RO          180    .constdata          can.o
    0x08005ba8   0x08005ba8   0x00003f7a   Data   RO          235    .constdata          oled.o
    0x08009b22   0x08009b22   0x00005640   Data   RO          287    .constdata          pic.o
    0x0800f162   0x0800f162   0x00000002   PAD
    0x0800f164   0x0800f164   0x00000020   Data   RO          855    Region$$Table       anon$$obj.o
    0x0800f184   0x0800f184   0x00000110   Data   RO          776    locale$$data        c_w.l(lc_ctype_c.o)


    Execution Region RW_IRAM1 (Exec base: 0x20000000, Load base: 0x0800f294, Size: 0x00003758, Max: 0x00005000, ABSOLUTE)

    Exec Addr    Load Addr    Size         Type   Attr      Idx    E Section Name        Object

    0x20000000   0x0800f294   0x00000004   Data   RW            2    .data               delay.o
    0x20000004   0x0800f298   0x00000008   Data   RW          213    .data               key.o
    0x2000000c   0x0800f2a0   0x00000008   Data   RW          266    .data               showinterface.o
    0x20000014   0x0800f2a8   0x00000014   Data   RW          317    .data               taskmgr.o
    0x20000028   0x0800f2bc   0x00000018   Data   RW          371    .data               uapp_can.o
    0x20000040   0x0800f2d4   0x00000014   Data   RW          444    .data               system_stm32f10x.o
    0x20000054        -       0x0000025c   Zero   RW           56    .bss                usart.o
    0x200002b0        -       0x00000400   Zero   RW          161    .bss                stmflash.o
    0x200006b0        -       0x00000990   Zero   RW          179    .bss                can.o
    0x20001040        -       0x00000060   Zero   RW          212    .bss                key.o
    0x200010a0        -       0x0000003c   Zero   RW          301    .bss                led.o
    0x200010dc        -       0x0000013c   Zero   RW          316    .bss                taskmgr.o
    0x20001218        -       0x00001964   Zero   RW          370    .bss                uapp_can.o
    0x20002b7c        -       0x00000118   Zero   RW          390    .bss                uapp_comm.o
    0x20002c94        -       0x00000060   Zero   RW          416    .bss                uapp_senser.o
    0x20002cf4        -       0x00000060   Zero   RW          718    .bss                c_w.l(libspace.o)
    0x20002d54   0x0800f2e8   0x00000004   PAD
    0x20002d58        -       0x00000200   Zero   RW          434    HEAP                startup_stm32f10x_md.o
    0x20002f58        -       0x00000800   Zero   RW          433    STACK               startup_stm32f10x_md.o


==============================================================================

Image component sizes


      Code (inc. data)   RO Data    RW Data    ZI Data      Debug   Object Name

      1444         62         14          0       2448       7214   can.o
       176          8          0          4          0       3615   delay.o
       872         56          0          8         96       4065   key.o
       424         18          0          0         60       1686   led.o
       156          8          0          0          0        495   main.o
      4328         90      16250          0          0      14971   oled.o
         0          0      22080          0          0        499   pic.o
      4536        908          0          8          0       3631   showinterface.o
        64         26        236          0       2560        812   startup_stm32f10x_md.o
       812         26          0          0       1024       4876   stmflash.o
       734         48          0          0          0       2771   sys.o
       480         38          0         20          0       4915   system_stm32f10x.o
      1048         80          0         20        316       7349   taskmgr.o
       364         12          0          0          0      11861   timer.o
      2828        310          0         24       6500      14203   uapp_can.o
       272         22          0          0        280       7045   uapp_comm.o
       448         10          0          0         96       3400   uapp_senser.o
       500         24          0          0        604       2934   usart.o

    ----------------------------------------------------------------------
     19488       1746      38614         84      13984      96342   Object Totals
         0          0         32          0          0          0   (incl. Generated)
         2          0          2          0          0          0   (incl. Padding)

    ----------------------------------------------------------------------

      Code (inc. data)   RO Data    RW Data    ZI Data      Debug   Library Member Name

         8          0          0          0          0         68   __main.o
       104          0          0          0          0         84   __printf.o
         0          0          0          0          0          0   __rtentry.o
        12          0          0          0          0          0   __rtentry2.o
         6          0          0          0          0          0   __rtentry4.o
        52          8          0          0          0          0   __scatter.o
        26          0          0          0          0          0   __scatter_copy.o
        28          0          0          0          0          0   __scatter_zi.o
        28          0          0          0          0         68   _chval.o
        48          6          0          0          0         96   _printf_char_common.o
         6          0          0          0          0          0   _printf_d.o
       120         16          0          0          0         92   _printf_dec.o
       178          0          0          0          0         88   _printf_intcommon.o
         0          0          0          0          0          0   _printf_percent.o
         4          0          0          0          0          0   _printf_percent_end.o
        10          0          0          0          0         68   _sputc.o
       158          0          0          0          0         92   _strtoul.o
        26          0          0          0          0         80   atoi.o
        10          0          0          0          0         68   defsig_exit.o
        50          0          0          0          0         88   defsig_general.o
        80         58          0          0          0         76   defsig_rtmem_inner.o
        14          0          0          0          0         80   defsig_rtmem_outer.o
        18          0          0          0          0         80   exit.o
        94          0          0          0          0         80   h1_alloc.o
        52          0          0          0          0         68   h1_extend.o
        78          0          0          0          0         80   h1_free.o
        14          0          0          0          0         84   h1_init.o
         6          0          0          0          0        152   heapauxi.o
         4          0          0          0          0        136   hguard.o
         0          0          0          0          0          0   indicate_semi.o
       138          0          0          0          0        168   init_alloc.o
        44         10        272          0          0         76   lc_ctype_c.o
         2          0          0          0          0          0   libinit.o
        28          0          0          0          0          0   libinit2.o
         2          0          0          0          0          0   libshutdown.o
         2          0          0          0          0          0   libshutdown2.o
         8          4          0          0         96         68   libspace.o
         0          0          0          0          0          0   maybetermalloc1.o
        88          0          0          0          0         76   memcmp.o
        40          6          0          0          0         84   noretval__2sprintf.o
        16          4          0          0          0         76   rt_ctype_table.o
         8          4          0          0          0         68   rt_errno_addr_intlibspace.o
         8          4          0          0          0         68   rt_heap_descriptor_intlibspace.o
         8          4          0          0          0         68   rt_locale_intlibspace.o
        68          0          0          0          0         68   rt_memclr.o
        78          0          0          0          0         80   rt_memclr_w.o
       138          0          0          0          0         68   rt_memcpy_v6.o
       100          0          0          0          0         80   rt_memcpy_w.o
         2          0          0          0          0          0   rtexit.o
        10          0          0          0          0          0   rtexit2.o
       128          0          0          0          0         68   strcmpv7m.o
       112          0          0          0          0         88   strtol.o
        12          4          0          0          0         68   sys_exit.o
        74          0          0          0          0         80   sys_stackheap_outer.o
        14          0          0          0          0         76   sys_wrch.o
         2          0          0          0          0         68   use_no_semi.o
       450          8          0          0          0        236   faddsub_clz.o
       388         76          0          0          0         96   fdiv.o
        62          4          0          0          0         84   ffixu.o
        38          0          0          0          0         68   fflt_clz.o
       258          4          0          0          0         84   fmul.o
       140          4          0          0          0         84   fnaninf.o
        10          0          0          0          0         68   fretinf.o
         0          0          0          0          0          0   usenofp.o

    ----------------------------------------------------------------------
      3726        224        272          0        100       3944   Library Totals
        16          0          0          0          4          0   (incl. Padding)

    ----------------------------------------------------------------------

      Code (inc. data)   RO Data    RW Data    ZI Data      Debug   Library Name

      2364        128        272          0         96       3224   c_w.l
      1346         96          0          0          0        720   fz_ws.l

    ----------------------------------------------------------------------
      3726        224        272          0        100       3944   Library Totals

    ----------------------------------------------------------------------

==============================================================================


      Code (inc. data)   RO Data    RW Data    ZI Data      Debug   

     23214       1970      38886         84      14084      96382   Grand Totals
     23214       1970      38886         84      14084      96382   ELF Image Totals
     23214       1970      38886         84          0          0   ROM Totals

==============================================================================

    Total RO  Size (Code + RO Data)                62100 (  60.64kB)
    Total RW  Size (RW Data + ZI Data)             14168 (  13.84kB)
    Total ROM Size (Code + RO Data + RW Data)      62184 (  60.73kB)

==============================================================================

