<html>
<body>
<pre>
<h1>µVision Build Log</h1>
<h2>Tool Versions:</h2>
IDE-Version: ¦ÌVision V5.24.2.0
Copyright (C) 2017 ARM Ltd and ARM Germany GmbH. All rights reserved.
License Information: 1 ZhaoCJ, 1, LIC=D0D8T-R4KYE-PCCJ8-3TIAC-ZMP38-BL9FN
 
Tool Versions:
Toolchain:       MDK-ARM Plus  Version: 5.24.1
Toolchain Path:  K:\keil5\ARM\ARMCC\Bin
C Compiler:      Armcc.exe V5.06 update 5 (build 528)
Assembler:       Armasm.exe V5.06 update 5 (build 528)
Linker/Locator:  ArmLink.exe V5.06 update 5 (build 528)
Library Manager: ArmAr.exe V5.06 update 5 (build 528)
Hex Converter:   FromElf.exe V5.06 update 5 (build 528)
CPU DLL:         SARMCM3.DLL V5.24.1
Dialog DLL:      DARMSTM.DLL V1.68.0.0
Target DLL:      STLink\ST-LINKIII-KEIL_SWO.dll V3.0.1.0
Dialog DLL:      TARMSTM.DLL V1.66.0.0
 
<h2>Project:</h2>
E:\XG\AllProducts\SM-100\2814\Program\2814-1\TorchSensor.uvprojx
Project File Date:  09/01/2020

<h2>Output:</h2>
*** Using Compiler 'V5.06 update 5 (build 528)', folder: 'K:\keil5\ARM\ARMCC\Bin'
Rebuild target 'Target 1'
compiling delay.c...
compiling sys.c...
compiling usart.c...
compiling timer.c...
compiling stmflash.c...
HARDWARE\FLASH\stmflash.c(210): warning:  #550-D: variable "addrx"  was set but never used
        u32 addrx=0;
HARDWARE\FLASH\stmflash.c: 1 warning, 0 errors
compiling can.c...
compiling key.c...
HARDWARE\KEY\key.c(66): warning:  #940-D: missing return statement at end of non-void function "TaskKeyFun" 
  }
HARDWARE\KEY\key.c: 1 warning, 0 errors
compiling oled.c...
HARDWARE\OLED\oled.c(718): warning:  #167-D: argument of type "char *" is incompatible with parameter of type "const u8 *"
                        LCD_ShowString(x, y,  HisString, bc, bc, sizey, mode);
HARDWARE\OLED\oled.c(721): warning:  #167-D: argument of type "const char *" is incompatible with parameter of type "const u8 *"
        LCD_ShowString(x, y,  NewString, fc, bc, sizey, mode);
HARDWARE\OLED\oled.c(742): warning:  #550-D: variable "HistempStr"  was set but never used
        char *HistempStr =NULL;
HARDWARE\OLED\oled.c(928): warning:  #177-D: variable "y0"  was declared but never referenced
      u16 y0=y;                        
HARDWARE\OLED\oled.c: 4 warnings, 0 errors
compiling ShowInterface.c...
HARDWARE\OLED\ShowInterface.c(18): warning:  #167-D: argument of type "u8 *" is incompatible with parameter of type "const char *"
          LCDShowStringUpdate(63,220,CAN_DataSingalStrength.CodeData,His_AS4Data.DeviceData.SignalSrth,5,
ED,
HITE,16,0);
HARDWARE\OLED\ShowInterface.c(20): warning:  #167-D: argument of type "u8 *" is incompatible with parameter of type "const char *"
          AS4Data.DeviceData.SignalStrength=atoi(CAN_DataSingalStrength.CodeData);
HARDWARE\OLED\ShowInterface.c(41): warning:  #167-D: argument of type "u8 *" is incompatible with parameter of type "const char *"
                LCDStrLineFeed(45,20,CAN_DataPipe.CodeData,His_AS4Data.WELD_CODE,His_AS4Data.WELD_CODE_Front,60);
HARDWARE\OLED\ShowInterface.c(45): warning:  #167-D: argument of type "u8 *" is incompatible with parameter of type "const char *"
                LCDStrLineFeed(45,60,CAN_DataWelder.CodeData,His_AS4Data.PERSON_CODE,His_AS4Data.PERSON_CODE_Front,60);
HARDWARE\OLED\ShowInterface.c(50): warning:  #167-D: argument of type "char *" is incompatible with parameter of type "const u8 *"
            LCD_ShowString(45,100,AS4Data.VOLTAGE,
ED,
HITE,16,0); 
HARDWARE\OLED\ShowInterface.c(54): warning:  #167-D: argument of type "char *" is incompatible with parameter of type "const u8 *"
                LCD_ShowString(165,100,AS4Data.CURRENT,
ED,
HITE,16,0);
HARDWARE\OLED\ShowInterface.c(62): warning:  #167-D: argument of type "char *" is incompatible with parameter of type "const u8 *"
                LCD_ShowString(45,120,AS4Data.SS_SPEED,
ED,
HITE,16,0);  
HARDWARE\OLED\ShowInterface.c(66): warning:  #167-D: argument of type "char *" is incompatible with parameter of type "const u8 *"
                LCD_ShowString(165,120,AS4Data.HJ_SPEED,
ED,
HITE,16,0);
HARDWARE\OLED\ShowInterface.c(75): warning:  #167-D: argument of type "char *" is incompatible with parameter of type "const u8 *"
                LCD_ShowString(45,140,AS4Data.HUMIDITY,
ED,
HITE,16,0); 
HARDWARE\OLED\ShowInterface.c(80): warning:  #167-D: argument of type "char *" is incompatible with parameter of type "const u8 *"
                LCD_ShowString(165,140,AS4Data.TEMP,
ED,
HITE,16,0);     
HARDWARE\OLED\ShowInterface.c(91): warning:  #167-D: argument of type "u8 *" is incompatible with parameter of type "const char *"
                LCDShowStringUpdate(245,160,CAN_DataHjProcess.CodeData,His_AS4Data.HJ_PROCESS,20,
ED,
HITE,16,0);
HARDWARE\OLED\ShowInterface.c(96): warning:  #167-D: argument of type "u8 *" is incompatible with parameter of type "const char *"
                LCDShowStringUpdate( 45,160, CAN_DataTeamCode.CodeData, His_AS4Data.TEAM_CODE,20,
ED, 
HITE, 16, 0);   
HARDWARE\OLED\ShowInterface.c(101): warning:  #167-D: argument of type "u8 *" is incompatible with parameter of type "const char *"
                LCDShowStringUpdate(45,180,CAN_DataProcess.CodeData,His_AS4Data.PROCESS,20,
ED,
HITE,16,0);    
HARDWARE\OLED\ShowInterface.c(116): warning:  #223-D: function "memcmp" declared implicitly
      if( 0 == memcmp(CAN_DataWarning.His_CodeData , "CurrentTooHigh!",sizeof("CurrentTooHigh!")) )
HARDWARE\OLED\ShowInterface.c(119): warning:  #223-D: function "memcpy" declared implicitly
                 memcpy( His_AS4Data.workExcep , CAN_DataWarning.His_CodeData , sizeof(His_AS4Data.workExcep));
HARDWARE\OLED\ShowInterface.c(125): warning:  #223-D: function "memcpy" declared implicitly
                 memcpy( His_AS4Data.workExcep , CAN_DataWarning.His_CodeData , sizeof(His_AS4Data.workExcep));
HARDWARE\OLED\ShowInterface.c(131): warning:  #223-D: function "memcpy" declared implicitly
                 memcpy( His_AS4Data.workExcep , CAN_DataWarning.His_CodeData , sizeof(His_AS4Data.workExcep));
HARDWARE\OLED\ShowInterface.c(138): warning:  #223-D: function "memcpy" declared implicitly
                 memcpy( His_AS4Data.workExcep , CAN_DataWarning.His_CodeData , sizeof(His_AS4Data.workExcep));
HARDWARE\OLED\ShowInterface.c(144): warning:  #223-D: function "memcpy" declared implicitly
                 memcpy( His_AS4Data.workExcep , CAN_DataWarning.His_CodeData , sizeof(His_AS4Data.workExcep));
HARDWARE\OLED\ShowInterface.c(150): warning:  #223-D: function "memcpy" declared implicitly
                 memcpy( His_AS4Data.workExcep , CAN_DataWarning.His_CodeData , sizeof(His_AS4Data.workExcep));
HARDWARE\OLED\ShowInterface.c(156): warning:  #223-D: function "memcpy" declared implicitly
                 memcpy( His_AS4Data.workExcep , CAN_DataWarning.His_CodeData , sizeof(His_AS4Data.workExcep));
HARDWARE\OLED\ShowInterface.c(162): warning:  #223-D: function "memcpy" declared implicitly
                 memcpy( His_AS4Data.workExcep , CAN_DataWarning.His_CodeData , sizeof(His_AS4Data.workExcep));
HARDWARE\OLED\ShowInterface.c(167): warning:  #167-D: argument of type "u8 *" is incompatible with parameter of type "const char *"
                LCDShowStringUpdate(45,200,CAN_DataWarning.His_CodeData,His_AS4Data.workExcep,40,
BLUE,
HITE,16,0);     
HARDWARE\OLED\ShowInterface.c(170): warning:  #111-D: statement is unreachable
        return 0;
HARDWARE\OLED\ShowInterface.c(180): warning:  #167-D: argument of type "u8 *" is incompatible with parameter of type "const char *"
        LCDShowStringUpdate(45,40,CAN_DataBoxID.CodeData,His_AS4Data.DATASBOX_CODE,20,
ED,
HITE,16,0);  
HARDWARE\OLED\ShowInterface.c(184): warning:  #167-D: argument of type "u8 *" is incompatible with parameter of type "const char *"
        LCDShowStringUpdate(45,20,CAN_DataProjectID.CodeData,His_AS4Data.PROJECT_ID,30,
ED,
HITE,16,0);     
HARDWARE\OLED\ShowInterface.c(188): warning:  #167-D: argument of type "u8 *" is incompatible with parameter of type "const char *"
        LCDShowStringUpdate(45,60,CAN_DataEquipCode.CodeData,His_AS4Data.EQUIP_CODE,20,
ED,
HITE,16,0);
HARDWARE\OLED\ShowInterface.c(256): warning:  #940-D: missing return statement at end of non-void function "ShowInterface4G" 
  }
HARDWARE\OLED\ShowInterface.c(285): warning:  #940-D: missing return statement at end of non-void function "IsInterfaceChange" 
  }
HARDWARE\OLED\ShowInterface.c(289): warning:  #940-D: missing return statement at end of non-void function "InterfaceChangeFlag" 
  }
HARDWARE\OLED\ShowInterface.c(317): warning:  #940-D: missing return statement at end of non-void function "WhichInterface" 
  }
HARDWARE\OLED\ShowInterface.c: 31 warnings, 0 errors
compiling pic.c...
compiling led.c...
compiling TaskMgr.c...
USER\TaskMgr\TaskMgr.c(345): warning:  #223-D: function "_Show_TASK250ms" declared implicitly
      _Show_TASK250ms();
USER\TaskMgr\TaskMgr.c(301): warning:  #177-D: function "Timer0_Task2"  was declared but never referenced
  static void Timer0_Task2(void)   //2ms
USER\TaskMgr\TaskMgr.c(306): warning:  #177-D: function "Timer0_Task3"  was declared but never referenced
  static void Timer0_Task3(void)   //2ms
USER\TaskMgr\TaskMgr.c(311): warning:  #177-D: function "Timer0_Task4"  was declared but never referenced
  static void Timer0_Task4(void)   //2ms
USER\TaskMgr\TaskMgr.c: 4 warnings, 0 errors
compiling main.c...
compiling UAPP_CAN.c...
compiling UAPP_Comm.c...
.\HARDWARE\CH454\CH454CMD.H(53): warning:  #47-D: incompatible redefinition of macro "ERR"  (declared at line 12 of ".\USER\TaskMgr\TaskMgr.h")
  #define ERR "ERR"
USER\APP\UAPP_Comm.c(516): warning:  #177-D: function "_CommWatchDog_Feed"  was declared but never referenced
  static void _CommWatchDog_Feed(void)
USER\APP\UAPP_Comm.c: 2 warnings, 0 errors
compiling UAPP_Senser.c...
USER\APP\UAPP_Senser.c(145): warning:  #1-D: last line of file ends without a newline
   
USER\APP\UAPP_Senser.c: 1 warning, 0 errors
assembling startup_stm32f10x_md.s...
compiling system_stm32f10x.c...
linking...
Program Size: Code=23214 RO-data=38886 RW-data=84 ZI-data=14084  
FromELF: creating hex file...
After Build - User command #1: fromelf.exe --bin -o "E:\XG\AllProducts\SM-100\2814\Program\2814-1\OUTPUT\2810-3testt.bin" "E:\XG\AllProducts\SM-100\2814\Program\2814-1\OUTPUT\2810-3testt.axf"
".\OUTPUT\2810-3testt.axf" - 0 Error(s), 44 Warning(s).

<h2>Software Packages used:</h2>

Package Vendor: ARM
                http://www.keil.com/pack/ARM.CMSIS.5.0.1.pack
                ARM.CMSIS.5.0.1
                CMSIS (Cortex Microcontroller Software Interface Standard)
   * Component: DSP Version: 1.5.1
   * Component: CORE Version: 5.0.1

Package Vendor: Keil
                http://www.keil.com/pack/Keil.STM32F1xx_DFP.2.2.0.pack
                Keil.STM32F1xx_DFP.2.2.0
                STMicroelectronics STM32F1 Series Device Support, Drivers and Examples
   * Component: Startup Version: 1.0.0

<h2>Collection of Component include folders:</h2>
  .\RTE\Device\STM32F103C8
  .\RTE\_Target_1
  D:\keil5\ARM\PACK\ARM\CMSIS\5.0.1\CMSIS\Include
  D:\keil5\ARM\PACK\Keil\STM32F1xx_DFP\2.2.0\Device\Include

<h2>Collection of Component Files used:</h2>

   * Component: Keil::Device:Startup:1.0.0
      Source file:   Device\Source\ARM\startup_stm32f10x_md.s
      Source file:   Device\Source\ARM\STM32F1xx_OPT.s
      Source file:   Device\Source\system_stm32f10x.c
      Include file:  RTE_Driver\Config\RTE_Device.h

   * Component: ARM::CMSIS:DSP:1.5.1
      Library file:  CMSIS\Lib\ARM\arm_cortexM3l_math.lib
      Include file:  CMSIS\Include\arm_math.h

   * Component: ARM::CMSIS:CORE:5.0.1
Build Time Elapsed:  00:00:07
</pre>
</body>
</html>
